Component: Arm Compiler for Embedded 6.21 Tool: armlink [5ec1fa00]

==============================================================================

Section Cross References

    startup_stm32h750xx.o(RESET) refers to startup_stm32h750xx.o(STACK) for __initial_sp
    startup_stm32h750xx.o(RESET) refers to startup_stm32h750xx.o(.text) for Reset_Handler
    startup_stm32h750xx.o(RESET) refers to stm32h7xx_it.o(.text.NMI_Handler) for NMI_Handler
    startup_stm32h750xx.o(RESET) refers to stm32h7xx_it.o(.text.HardFault_Handler) for HardFault_Handler
    startup_stm32h750xx.o(RESET) refers to stm32h7xx_it.o(.text.MemManage_Handler) for MemManage_Handler
    startup_stm32h750xx.o(RESET) refers to stm32h7xx_it.o(.text.BusFault_Handler) for BusFault_Handler
    startup_stm32h750xx.o(RESET) refers to stm32h7xx_it.o(.text.UsageFault_Handler) for UsageFault_Handler
    startup_stm32h750xx.o(RESET) refers to stm32h7xx_it.o(.text.SVC_Handler) for SVC_Handler
    startup_stm32h750xx.o(RESET) refers to stm32h7xx_it.o(.text.DebugMon_Handler) for DebugMon_Handler
    startup_stm32h750xx.o(RESET) refers to stm32h7xx_it.o(.text.PendSV_Handler) for PendSV_Handler
    startup_stm32h750xx.o(RESET) refers to stm32h7xx_it.o(.text.SysTick_Handler) for SysTick_Handler
    startup_stm32h750xx.o(RESET) refers to stm32h7xx_it.o(.text.DMA2_Stream7_IRQHandler) for DMA2_Stream7_IRQHandler
    startup_stm32h750xx.o(RESET) refers to stm32h7xx_it.o(.text.DCMI_IRQHandler) for DCMI_IRQHandler
    startup_stm32h750xx.o(.text) refers to system_stm32h7xx.o(.text.SystemInit) for SystemInit
    startup_stm32h750xx.o(.text) refers to entry.o(.ARM.Collect$$$$00000000) for __main
    main.o(.text.main) refers to stm32h7xx_hal_cortex.o(.text.HAL_MPU_Disable) for HAL_MPU_Disable
    main.o(.text.main) refers to stm32h7xx_hal_cortex.o(.text.HAL_MPU_ConfigRegion) for HAL_MPU_ConfigRegion
    main.o(.text.main) refers to stm32h7xx_hal_cortex.o(.text.HAL_MPU_Enable) for HAL_MPU_Enable
    main.o(.text.main) refers to stm32h7xx_hal.o(.text.HAL_Init) for HAL_Init
    main.o(.text.main) refers to main.o(.text.SystemClock_Config) for SystemClock_Config
    main.o(.text.main) refers to led.o(.text.LED_Init) for LED_Init
    main.o(.text.main) refers to usart.o(.text.USART1_Init) for USART1_Init
    main.o(.text.main) refers to lcd_spi_200.o(.text.SPI_LCD_Init) for SPI_LCD_Init
    main.o(.text.main) refers to led.o(.text.key_init) for key_init
    main.o(.text.main) refers to dcmi_ov5640.o(.text.DCMI_OV5640_Init) for DCMI_OV5640_Init
    main.o(.text.main) refers to dcmi_ov5640.o(.text.OV5640_AF_Download_Firmware) for OV5640_AF_Download_Firmware
    main.o(.text.main) refers to dcmi_ov5640.o(.text.OV5640_AF_Trigger_Constant) for OV5640_AF_Trigger_Constant
    main.o(.text.main) refers to dcmi_ov5640.o(.text.OV5640_DMA_Transmit_Continuous) for OV5640_DMA_Transmit_Continuous
    main.o(.text.main) refers to dcmi_ov5640.o(.text.OV5640_Set_Pixformat) for OV5640_Set_Pixformat
    main.o(.text.main) refers to main.o(.rodata.str1.1) for .L.str
    main.o(.text.main) refers to dcmi_ov5640.o(.bss..L_MergedGlobals) for OV5640_FrameState
    main.o(.text.main) refers to stm32h7xx_hal.o(.text.HAL_Delay) for HAL_Delay
    main.o(.text.main) refers to stm32h7xx_hal_gpio.o(.text.HAL_GPIO_ReadPin) for HAL_GPIO_ReadPin
    main.o(.text.main) refers to lcd_spi_200.o(.text.LCD_CopyBuffer) for LCD_CopyBuffer
    main.o(.text.main) refers to lcd_spi_200.o(.text.LCD_DisplayString) for LCD_DisplayString
    main.o(.text.main) refers to stm32h7xx_hal_gpio.o(.text.HAL_GPIO_TogglePin) for HAL_GPIO_TogglePin
    main.o(.text.main) refers to printfa.o(i.__0printf) for __2printf
    main.o(.ARM.exidx.text.main) refers to main.o(.text.main) for [Anonymous Symbol]
    main.o(.text.MPU_Config) refers to stm32h7xx_hal_cortex.o(.text.HAL_MPU_Disable) for HAL_MPU_Disable
    main.o(.text.MPU_Config) refers to stm32h7xx_hal_cortex.o(.text.HAL_MPU_ConfigRegion) for HAL_MPU_ConfigRegion
    main.o(.text.MPU_Config) refers to stm32h7xx_hal_cortex.o(.text.HAL_MPU_Enable) for HAL_MPU_Enable
    main.o(.ARM.exidx.text.MPU_Config) refers to main.o(.text.MPU_Config) for [Anonymous Symbol]
    main.o(.text.SystemClock_Config) refers to memseta.o(.text) for __aeabi_memclr4
    main.o(.text.SystemClock_Config) refers to stm32h7xx_hal_pwr_ex.o(.text.HAL_PWREx_ConfigSupply) for HAL_PWREx_ConfigSupply
    main.o(.text.SystemClock_Config) refers to stm32h7xx_hal_rcc.o(.text.HAL_RCC_OscConfig) for HAL_RCC_OscConfig
    main.o(.text.SystemClock_Config) refers to stm32h7xx_hal_rcc.o(.text.HAL_RCC_ClockConfig) for HAL_RCC_ClockConfig
    main.o(.text.SystemClock_Config) refers to stm32h7xx_hal_rcc_ex.o(.text.HAL_RCCEx_PeriphCLKConfig) for HAL_RCCEx_PeriphCLKConfig
    main.o(.ARM.exidx.text.SystemClock_Config) refers to main.o(.text.SystemClock_Config) for [Anonymous Symbol]
    main.o(.ARM.exidx.text.Error_Handler) refers to main.o(.text.Error_Handler) for [Anonymous Symbol]
[...]
    ../clib/microlib/init/entry.s            0x00000000   Number         0  entry11a.o ABSOLUTE
    ../clib/microlib/init/entry.s            0x00000000   Number         0  entry11b.o ABSOLUTE
    ../clib/microlib/longlong.c              0x00000000   Number         0  llshl.o ABSOLUTE
    ../clib/microlib/longlong.c              0x00000000   Number         0  llushr.o ABSOLUTE
    ../clib/microlib/longlong.c              0x00000000   Number         0  llsshr.o ABSOLUTE
    ../clib/microlib/printf/printf.c         0x00000000   Number         0  printfb.o ABSOLUTE
    ../clib/microlib/printf/printf.c         0x00000000   Number         0  printf0.o ABSOLUTE
    ../clib/microlib/printf/printf.c         0x00000000   Number         0  printf1.o ABSOLUTE
    ../clib/microlib/printf/printf.c         0x00000000   Number         0  printf2.o ABSOLUTE
    ../clib/microlib/printf/printf.c         0x00000000   Number         0  printf3.o ABSOLUTE
    ../clib/microlib/printf/printf.c         0x00000000   Number         0  printf4.o ABSOLUTE
    ../clib/microlib/printf/printf.c         0x00000000   Number         0  printf5.o ABSOLUTE
    ../clib/microlib/printf/printf.c         0x00000000   Number         0  printf6.o ABSOLUTE
    ../clib/microlib/printf/printf.c         0x00000000   Number         0  printf7.o ABSOLUTE
    ../clib/microlib/printf/printf.c         0x00000000   Number         0  printf8.o ABSOLUTE
    ../clib/microlib/printf/printf.c         0x00000000   Number         0  printfa.o ABSOLUTE
    ../clib/microlib/printf/stubs.s          0x00000000   Number         0  printfstubs.o ABSOLUTE
    ../clib/microlib/stdio/puts.c            0x00000000   Number         0  puts.o ABSOLUTE
    ../clib/microlib/stdio/puts.c            0x00000000   Number         0  puts_e.o ABSOLUTE
    ../clib/microlib/stdio/streams.c         0x00000000   Number         0  stdout.o ABSOLUTE
    ../clib/microlib/string/memset.c         0x00000000   Number         0  memseta.o ABSOLUTE
    ../clib/microlib/stubs.s                 0x00000000   Number         0  iusefp.o ABSOLUTE
    ../fplib/microlib/fpadd.c                0x00000000   Number         0  dadd.o ABSOLUTE
    ../fplib/microlib/fpdiv.c                0x00000000   Number         0  ddiv.o ABSOLUTE
    ../fplib/microlib/fpepilogue.c           0x00000000   Number         0  depilogue.o ABSOLUTE
    ../fplib/microlib/fpfix.c                0x00000000   Number         0  dfixul.o ABSOLUTE
    ../fplib/microlib/fpmul.c                0x00000000   Number         0  dmul.o ABSOLUTE
    cdrcmple.s                               0x00000000   Number         0  cdrcmple.o ABSOLUTE
    dc.s                                     0x00000000   Number         0  dc.o ABSOLUTE
    dcmi_ov5640.c                            0x00000000   Number         0  dcmi_ov5640.o ABSOLUTE
    handlers.s                               0x00000000   Number         0  handlers.o ABSOLUTE
    init.s                                   0x00000000   Number         0  init.o ABSOLUTE
    lcd_fonts.c                              0x00000000   Number         0  lcd_fonts.o ABSOLUTE
    lcd_spi_200.c                            0x00000000   Number         0  lcd_spi_200.o ABSOLUTE
    led.c                                    0x00000000   Number         0  led.o ABSOLUTE
    main.c                                   0x00000000   Number         0  main.o ABSOLUTE
    sccb.c                                   0x00000000   Number         0  sccb.o ABSOLUTE
    startup_stm32h750xx.s                    0x00000000   Number         0  startup_stm32h750xx.o ABSOLUTE
    stm32h7xx_hal.c                          0x00000000   Number         0  stm32h7xx_hal.o ABSOLUTE
    stm32h7xx_hal_cortex.c                   0x00000000   Number         0  stm32h7xx_hal_cortex.o ABSOLUTE
    stm32h7xx_hal_dcmi.c                     0x00000000   Number         0  stm32h7xx_hal_dcmi.o ABSOLUTE
    stm32h7xx_hal_dma.c                      0x00000000   Number         0  stm32h7xx_hal_dma.o ABSOLUTE
    stm32h7xx_hal_dma_ex.c                   0x00000000   Number         0  stm32h7xx_hal_dma_ex.o ABSOLUTE
    stm32h7xx_hal_exti.c                     0x00000000   Number         0  stm32h7xx_hal_exti.o ABSOLUTE
    stm32h7xx_hal_flash.c                    0x00000000   Number         0  stm32h7xx_hal_flash.o ABSOLUTE
    stm32h7xx_hal_flash_ex.c                 0x00000000   Number         0  stm32h7xx_hal_flash_ex.o ABSOLUTE
    stm32h7xx_hal_gpio.c                     0x00000000   Number         0  stm32h7xx_hal_gpio.o ABSOLUTE
    stm32h7xx_hal_hsem.c                     0x00000000   Number         0  stm32h7xx_hal_hsem.o ABSOLUTE
    stm32h7xx_hal_i2c.c                      0x00000000   Number         0  stm32h7xx_hal_i2c.o ABSOLUTE
    stm32h7xx_hal_i2c_ex.c                   0x00000000   Number         0  stm32h7xx_hal_i2c_ex.o ABSOLUTE
    stm32h7xx_hal_mdma.c                     0x00000000   Number         0  stm32h7xx_hal_mdma.o ABSOLUTE
    stm32h7xx_hal_msp.c                      0x00000000   Number         0  stm32h7xx_hal_msp.o ABSOLUTE
    stm32h7xx_hal_pwr.c                      0x00000000   Number         0  stm32h7xx_hal_pwr.o ABSOLUTE
    stm32h7xx_hal_pwr_ex.c                   0x00000000   Number         0  stm32h7xx_hal_pwr_ex.o ABSOLUTE
    stm32h7xx_hal_rcc.c                      0x00000000   Number         0  stm32h7xx_hal_rcc.o ABSOLUTE
    stm32h7xx_hal_rcc_ex.c                   0x00000000   Number         0  stm32h7xx_hal_rcc_ex.o ABSOLUTE
    stm32h7xx_hal_spi.c                      0x00000000   Number         0  stm32h7xx_hal_spi.o ABSOLUTE
    stm32h7xx_hal_spi_ex.c                   0x00000000   Number         0  stm32h7xx_hal_spi_ex.o ABSOLUTE
    stm32h7xx_hal_tim.c                      0x00000000   Number         0  stm32h7xx_hal_tim.o ABSOLUTE
    stm32h7xx_hal_tim_ex.c                   0x00000000   Number         0  stm32h7xx_hal_tim_ex.o ABSOLUTE
    stm32h7xx_hal_uart.c                     0x00000000   Number         0  stm32h7xx_hal_uart.o ABSOLUTE
    stm32h7xx_hal_uart_ex.c                  0x00000000   Number         0  stm32h7xx_hal_uart_ex.o ABSOLUTE
    stm32h7xx_it.c                           0x00000000   Number         0  stm32h7xx_it.o ABSOLUTE
    system_stm32h7xx.c                       0x00000000   Number         0  system_stm32h7xx.o ABSOLUTE
    usart.c                                  0x00000000   Number         0  usart.o ABSOLUTE
    .data                                    0x20000000   Section        4  stdout.o(.data)
    .L_MergedGlobals                         0x20000004   Data           8  stm32h7xx_hal.o(.data..L_MergedGlobals)
    [Anonymous Symbol]                       0x20000004   Section        0  stm32h7xx_hal.o(.data..L_MergedGlobals)
    .L_MergedGlobals                         0x2000000c   Data           8  system_stm32h7xx.o(.data..L_MergedGlobals)
    [Anonymous Symbol]                       0x2000000c   Section        0  system_stm32h7xx.o(.data..L_MergedGlobals)
    .L_MergedGlobals                         0x20000020   Data          24  lcd_spi_200.o(.bss..L_MergedGlobals)
    LCD_AsciiFonts                           0x20000020   Data           4  lcd_spi_200.o(.bss..L_MergedGlobals)
    [Anonymous Symbol]                       0x20000020   Section        0  lcd_spi_200.o(.bss..L_MergedGlobals)
    LCD_CHFonts                              0x20000024   Data           4  lcd_spi_200.o(.bss..L_MergedGlobals)
    .L_MergedGlobals                         0x20000038   Data          88  dcmi_ov5640.o(.bss..L_MergedGlobals)
    [Anonymous Symbol]                       0x20000038   Section        0  dcmi_ov5640.o(.bss..L_MergedGlobals)
    HAL_DCMI_FrameEventCallback.DCMI_Frame_Count 0x20000039   Data           1  dcmi_ov5640.o(.bss..L_MergedGlobals)
    HAL_DCMI_FrameEventCallback.DCMI_Tick    0x2000003c   Data           4  dcmi_ov5640.o(.bss..L_MergedGlobals)
    STACK                                    0x20000a28   Section     1024  startup_stm32h750xx.o(STACK)
    RESET                                    0x90000000   Section      664  startup_stm32h750xx.o(RESET)
    .ARM.Collect$$$$00000000                 0x90000298   Section        0  entry.o(.ARM.Collect$$$$00000000)
    .ARM.Collect$$$$00000001                 0x90000298   Section        4  entry2.o(.ARM.Collect$$$$00000001)
    .ARM.Collect$$$$00000004                 0x9000029c   Section        4  entry5.o(.ARM.Collect$$$$00000004)
    .ARM.Collect$$$$00000008                 0x900002a0   Section        0  entry7b.o(.ARM.Collect$$$$00000008)
    .ARM.Collect$$$$0000000A                 0x900002a0   Section        0  entry8b.o(.ARM.Collect$$$$0000000A)
    .ARM.Collect$$$$0000000B                 0x900002a0   Section        8  entry9a.o(.ARM.Collect$$$$0000000B)
    __lit__00000000                          0x900002a8   Data           4  entry2.o(.ARM.Collect$$$$00002712)
    .ARM.Collect$$$$0000000D                 0x900002a8   Section        0  entry10a.o(.ARM.Collect$$$$0000000D)
    .ARM.Collect$$$$0000000F                 0x900002a8   Section        0  entry11a.o(.ARM.Collect$$$$0000000F)
    .ARM.Collect$$$$00002712                 0x900002a8   Section        4  entry2.o(.ARM.Collect$$$$00002712)
    $v0                                      0x900002ac   Number         0  startup_stm32h750xx.o(.text)
    .text                                    0x900002ac   Section       36  startup_stm32h750xx.o(.text)
    .text                                    0x900002d0   Section        0  uldiv.o(.text)
    .text                                    0x90000332   Section        0  memseta.o(.text)
    .text                                    0x90000356   Section        0  uidiv.o(.text)
    .text                                    0x90000382   Section        0  llshl.o(.text)
    .text                                    0x900003a0   Section        0  llushr.o(.text)
    .text                                    0x900003c0   Section        0  iusefp.o(.text)
    .text                                    0x900003c0   Section        0  dadd.o(.text)
    .text                                    0x9000050e   Section        0  dmul.o(.text)
    .text                                    0x900005f2   Section        0  ddiv.o(.text)
    .text                                    0x900006d0   Section        0  dfixul.o(.text)
    .text                                    0x90000700   Section       48  cdrcmple.o(.text)
    .text                                    0x90000730   Section       48  init.o(.text)
    .text                                    0x90000760   Section        0  llsshr.o(.text)
    .text                                    0x90000784   Section        0  depilogue.o(.text)
    [Anonymous Symbol]                       0x90000840   Section        0  stm32h7xx_it.o(.text.BusFault_Handler)
    DCMI_DMAError                            0x90000849   Thumb Code    28  stm32h7xx_hal_dcmi.o(.text.DCMI_DMAError)
    [Anonymous Symbol]                       0x90000848   Section        0  stm32h7xx_hal_dcmi.o(.text.DCMI_DMAError)
    DCMI_DMAXferCplt                         0x90000869   Thumb Code   150  stm32h7xx_hal_dcmi.o(.text.DCMI_DMAXferCplt)
    [Anonymous Symbol]                       0x90000868   Section        0  stm32h7xx_hal_dcmi.o(.text.DCMI_DMAXferCplt)
    [Anonymous Symbol]                       0x90000900   Section        0  stm32h7xx_it.o(.text.DCMI_IRQHandler)
    [Anonymous Symbol]                       0x90000910   Section        0  dcmi_ov5640.o(.text.DCMI_OV5640_Init)
    [Anonymous Symbol]                       0x90000b08   Section        0  stm32h7xx_it.o(.text.DMA2_Stream7_IRQHandler)
    DMA_CalcBaseAndBitshift                  0x90000b19   Thumb Code   288  stm32h7xx_hal_dma.o(.text.DMA_CalcBaseAndBitshift)
    [Anonymous Symbol]                       0x90000b18   Section        0  stm32h7xx_hal_dma.o(.text.DMA_CalcBaseAndBitshift)
    DMA_CalcBaseAndBitshift.flagBitshiftOffset 0x90000c38   Number         0  stm32h7xx_hal_dma.o(.text.DMA_CalcBaseAndBitshift)
    DMA_MultiBufferSetConfig                 0x90000c41   Thumb Code   282  stm32h7xx_hal_dma_ex.o(.text.DMA_MultiBufferSetConfig)
    [Anonymous Symbol]                       0x90000c40   Section        0  stm32h7xx_hal_dma_ex.o(.text.DMA_MultiBufferSetConfig)
    DMA_SetConfig                            0x90000d61   Thumb Code   776  stm32h7xx_hal_dma.o(.text.DMA_SetConfig)
    [Anonymous Symbol]                       0x90000d60   Section        0  stm32h7xx_hal_dma.o(.text.DMA_SetConfig)
    [Anonymous Symbol]                       0x90001068   Section        0  stm32h7xx_it.o(.text.DebugMon_Handler)
    [Anonymous Symbol]                       0x90001070   Section        0  stm32h7xx_hal_dcmi.o(.text.HAL_DCMI_ConfigCrop)
    [Anonymous Symbol]                       0x900010b8   Section        0  stm32h7xx_hal_dcmi.o(.text.HAL_DCMI_EnableCrop)
    [Anonymous Symbol]                       0x900010e8   Section        0  dcmi_ov5640.o(.text.HAL_DCMI_ErrorCallback)
    [Anonymous Symbol]                       0x900010f0   Section        0  dcmi_ov5640.o(.text.HAL_DCMI_FrameEventCallback)
    [Anonymous Symbol]                       0x90001128   Section        0  stm32h7xx_hal_dcmi.o(.text.HAL_DCMI_IRQHandler)
    [Anonymous Symbol]                       0x900011d0   Section        0  stm32h7xx_hal_dcmi.o(.text.HAL_DCMI_Init)
    [Anonymous Symbol]                       0x90001270   Section        0  stm32h7xx_hal_dcmi.o(.text.HAL_DCMI_LineEventCallback)
    [Anonymous Symbol]                       0x90001278   Section        0  dcmi_ov5640.o(.text.HAL_DCMI_MspInit)
    [Anonymous Symbol]                       0x900013d0   Section        0  stm32h7xx_hal_dcmi.o(.text.HAL_DCMI_Start_DMA)
    [Anonymous Symbol]                       0x900014f8   Section        0  stm32h7xx_hal_dcmi.o(.text.HAL_DCMI_VsyncEventCallback)
    [Anonymous Symbol]                       0x90001500   Section        0  stm32h7xx_hal_dma_ex.o(.text.HAL_DMAEx_ChangeMemory)
    [Anonymous Symbol]                       0x900015f8   Section        0  stm32h7xx_hal_dma_ex.o(.text.HAL_DMAEx_MultiBufferStart_IT)
    [Anonymous Symbol]                       0x90001c20   Section        0  stm32h7xx_hal_dma.o(.text.HAL_DMA_Abort_IT)
    [Anonymous Symbol]                       0x90001ed8   Section        0  stm32h7xx_hal_dma.o(.text.HAL_DMA_IRQHandler)
    [Anonymous Symbol]                       0x900026d8   Section        0  stm32h7xx_hal_dma.o(.text.HAL_DMA_Init)
    [Anonymous Symbol]                       0x90002d40   Section        0  stm32h7xx_hal_dma.o(.text.HAL_DMA_Start_IT)
    [Anonymous Symbol]                       0x900030e8   Section        0  stm32h7xx_hal.o(.text.HAL_Delay)
    [Anonymous Symbol]                       0x90003110   Section        0  stm32h7xx_hal_gpio.o(.text.HAL_GPIO_Init)
    [Anonymous Symbol]                       0x900032d8   Section        0  stm32h7xx_hal_gpio.o(.text.HAL_GPIO_ReadPin)
    [Anonymous Symbol]                       0x900032e8   Section        0  stm32h7xx_hal_gpio.o(.text.HAL_GPIO_TogglePin)
    [Anonymous Symbol]                       0x900032f8   Section        0  stm32h7xx_hal_gpio.o(.text.HAL_GPIO_WritePin)
    [Anonymous Symbol]                       0x90003308   Section        0  stm32h7xx_hal.o(.text.HAL_GetREVID)
    [Anonymous Symbol]                       0x90003318   Section        0  stm32h7xx_hal.o(.text.HAL_GetTick)
    [Anonymous Symbol]                       0x90003328   Section        0  stm32h7xx_hal.o(.text.HAL_IncTick)
    [Anonymous Symbol]                       0x90003348   Section        0  stm32h7xx_hal.o(.text.HAL_Init)
    [Anonymous Symbol]                       0x900033b0   Section        0  stm32h7xx_hal.o(.text.HAL_InitTick)
    [Anonymous Symbol]                       0x90003400   Section        0  stm32h7xx_hal_cortex.o(.text.HAL_MPU_ConfigRegion)
    [Anonymous Symbol]                       0x90003460   Section        0  stm32h7xx_hal_cortex.o(.text.HAL_MPU_Disable)
    [Anonymous Symbol]                       0x90003480   Section        0  stm32h7xx_hal_cortex.o(.text.HAL_MPU_Enable)
    [Anonymous Symbol]                       0x900034a0   Section        0  stm32h7xx_hal_msp.o(.text.HAL_MspInit)
    [Anonymous Symbol]                       0x900034c0   Section        0  stm32h7xx_hal_cortex.o(.text.HAL_NVIC_EnableIRQ)
    [Anonymous Symbol]                       0x900034e8   Section        0  stm32h7xx_hal_cortex.o(.text.HAL_NVIC_SetPriority)
    [Anonymous Symbol]                       0x90003548   Section        0  stm32h7xx_hal_cortex.o(.text.HAL_NVIC_SetPriorityGrouping)
    [Anonymous Symbol]                       0x90003568   Section        0  stm32h7xx_hal_pwr_ex.o(.text.HAL_PWREx_ConfigSupply)
    [Anonymous Symbol]                       0x900035b8   Section        0  stm32h7xx_hal_rcc_ex.o(.text.HAL_RCCEx_GetD3PCLK1Freq)
    [Anonymous Symbol]                       0x900035e0   Section        0  stm32h7xx_hal_rcc_ex.o(.text.HAL_RCCEx_GetPLL2ClockFreq)
    [Anonymous Symbol]                       0x90003710   Section        0  stm32h7xx_hal_rcc_ex.o(.text.HAL_RCCEx_GetPLL3ClockFreq)
    [Anonymous Symbol]                       0x90003840   Section        0  stm32h7xx_hal_rcc_ex.o(.text.HAL_RCCEx_PeriphCLKConfig)
    [Anonymous Symbol]                       0x900044a8   Section        0  stm32h7xx_hal_rcc.o(.text.HAL_RCC_ClockConfig)
    [Anonymous Symbol]                       0x90004710   Section        0  stm32h7xx_hal_rcc.o(.text.HAL_RCC_GetHCLKFreq)
    [Anonymous Symbol]                       0x90004760   Section        0  stm32h7xx_hal_rcc.o(.text.HAL_RCC_GetPCLK1Freq)
    [Anonymous Symbol]                       0x900047c0   Section        0  stm32h7xx_hal_rcc.o(.text.HAL_RCC_GetPCLK2Freq)
    [Anonymous Symbol]                       0x90004820   Section        0  stm32h7xx_hal_rcc.o(.text.HAL_RCC_GetSysClockFreq)
    [Anonymous Symbol]                       0x90004938   Section        0  stm32h7xx_hal_rcc.o(.text.HAL_RCC_OscConfig)
    [Anonymous Symbol]                       0x90004e38   Section        0  stm32h7xx_hal_spi.o(.text.HAL_SPI_Init)
    [Anonymous Symbol]                       0x90004fa8   Section        0  lcd_spi_200.o(.text.HAL_SPI_MspInit)
    [Anonymous Symbol]                       0x90005068   Section        0  stm32h7xx_hal_spi.o(.text.HAL_SPI_Transmit)
    [Anonymous Symbol]                       0x90005300   Section        0  stm32h7xx_hal_cortex.o(.text.HAL_SYSTICK_Config)
    [Anonymous Symbol]                       0x90005330   Section        0  stm32h7xx_hal_uart_ex.o(.text.HAL_UARTEx_DisableFifoMode)
    [Anonymous Symbol]                       0x90005368   Section        0  stm32h7xx_hal_uart_ex.o(.text.HAL_UARTEx_SetRxFifoThreshold)
    [Anonymous Symbol]                       0x900053f8   Section        0  stm32h7xx_hal_uart_ex.o(.text.HAL_UARTEx_SetTxFifoThreshold)
    [Anonymous Symbol]                       0x90005488   Section        0  stm32h7xx_hal_uart.o(.text.HAL_UART_Init)
    [Anonymous Symbol]                       0x900054f0   Section        0  usart.o(.text.HAL_UART_MspInit)
    [Anonymous Symbol]                       0x90005580   Section        0  stm32h7xx_hal_uart.o(.text.HAL_UART_Transmit)
    [Anonymous Symbol]                       0x90005660   Section        0  stm32h7xx_it.o(.text.HardFault_Handler)
    [Anonymous Symbol]                       0x90005668   Section        0  lcd_spi_200.o(.text.LCD_CopyBuffer)
    [Anonymous Symbol]                       0x900056c8   Section        0  lcd_spi_200.o(.text.LCD_DisplayChar)
    [Anonymous Symbol]                       0x90005888   Section        0  lcd_spi_200.o(.text.LCD_DisplayString)
    [Anonymous Symbol]                       0x900058c0   Section        0  lcd_spi_200.o(.text.LCD_SPI_CloseTransfer)
    [Anonymous Symbol]                       0x90005990   Section        0  lcd_spi_200.o(.text.LCD_SPI_Transmit)
    [Anonymous Symbol]                       0x90005b00   Section        0  lcd_spi_200.o(.text.LCD_SPI_TransmitBuffer)
    [Anonymous Symbol]                       0x90005c68   Section        0  lcd_spi_200.o(.text.LCD_SetAddress)
    [Anonymous Symbol]                       0x90005da8   Section        0  led.o(.text.LED_Init)
    [Anonymous Symbol]                       0x90005df8   Section        0  stm32h7xx_it.o(.text.MemManage_Handler)
    [Anonymous Symbol]                       0x90005e00   Section        0  stm32h7xx_it.o(.text.NMI_Handler)
    [Anonymous Symbol]                       0x90005e08   Section        0  dcmi_ov5640.o(.text.OV5640_AF_Download_Firmware)
    [Anonymous Symbol]                       0x90005ec8   Section        0  dcmi_ov5640.o(.text.OV5640_AF_Trigger_Constant)
    [Anonymous Symbol]                       0x90005ed8   Section        0  dcmi_ov5640.o(.text.OV5640_DMA_Transmit_Continuous)
    [Anonymous Symbol]                       0x90005f08   Section        0  dcmi_ov5640.o(.text.OV5640_Reset)
    [Anonymous Symbol]                       0x90006968   Section        0  dcmi_ov5640.o(.text.OV5640_Set_Pixformat)
    [Anonymous Symbol]                       0x90006a50   Section        0  stm32h7xx_it.o(.text.PendSV_Handler)
    RCCEx_PLL2_Config                        0x90006a59   Thumb Code   290  stm32h7xx_hal_rcc_ex.o(.text.RCCEx_PLL2_Config)
    [Anonymous Symbol]                       0x90006a58   Section        0  stm32h7xx_hal_rcc_ex.o(.text.RCCEx_PLL2_Config)
    RCCEx_PLL3_Config                        0x90006b81   Thumb Code   290  stm32h7xx_hal_rcc_ex.o(.text.RCCEx_PLL3_Config)
    [Anonymous Symbol]                       0x90006b80   Section        0  stm32h7xx_hal_rcc_ex.o(.text.RCCEx_PLL3_Config)
    [Anonymous Symbol]                       0x90006ca8   Section        0  sccb.o(.text.SCCB_ACK)
    [Anonymous Symbol]                       0x900077d8   Section        0  sccb.o(.text.SCCB_GPIO_Config)
    [Anonymous Symbol]                       0x90007860   Section        0  sccb.o(.text.SCCB_NoACK)
    [Anonymous Symbol]                       0x90008380   Section        0  sccb.o(.text.SCCB_ReadByte)
    [Anonymous Symbol]                       0x90008978   Section        0  sccb.o(.text.SCCB_ReadReg_16Bit)
    [Anonymous Symbol]                       0x900089c8   Section        0  sccb.o(.text.SCCB_Start)
    [Anonymous Symbol]                       0x90009230   Section        0  sccb.o(.text.SCCB_Stop)
    [Anonymous Symbol]                       0x90009d50   Section        0  sccb.o(.text.SCCB_WaitACK)
    [Anonymous Symbol]                       0x9000a888   Section        0  sccb.o(.text.SCCB_WriteBuffer_16Bit)
    [Anonymous Symbol]                       0x9000a8c8   Section        0  sccb.o(.text.SCCB_WriteByte)
    [Anonymous Symbol]                       0x9000aeb8   Section        0  sccb.o(.text.SCCB_WriteReg_16Bit)
    SPI_CloseTransfer                        0x9000aef1   Thumb Code   208  stm32h7xx_hal_spi.o(.text.SPI_CloseTransfer)
    [Anonymous Symbol]                       0x9000aef0   Section        0  stm32h7xx_hal_spi.o(.text.SPI_CloseTransfer)
    [Anonymous Symbol]                       0x9000afc0   Section        0  lcd_spi_200.o(.text.SPI_LCD_Init)
    [Anonymous Symbol]                       0x9000b8e8   Section        0  stm32h7xx_it.o(.text.SVC_Handler)
    [Anonymous Symbol]                       0x9000b8f0   Section        0  stm32h7xx_it.o(.text.SysTick_Handler)
    [Anonymous Symbol]                       0x9000b8f8   Section        0  main.o(.text.SystemClock_Config)
    [Anonymous Symbol]                       0x9000ba18   Section        0  system_stm32h7xx.o(.text.SystemInit)
    [Anonymous Symbol]                       0x9000bb00   Section        0  stm32h7xx_hal_uart.o(.text.UART_AdvFeatureConfig)
    [Anonymous Symbol]                       0x9000bbe0   Section        0  stm32h7xx_hal_uart.o(.text.UART_CheckIdleState)
    [Anonymous Symbol]                       0x9000bcd8   Section        0  stm32h7xx_hal_uart.o(.text.UART_SetConfig)
    [Anonymous Symbol]                       0x9000c150   Section        0  stm32h7xx_hal_uart.o(.text.UART_WaitOnFlagUntilTimeout)
    [Anonymous Symbol]                       0x9000c250   Section        0  usart.o(.text.USART1_Init)
    [Anonymous Symbol]                       0x9000c2a0   Section        0  stm32h7xx_it.o(.text.UsageFault_Handler)
    [Anonymous Symbol]                       0x9000c2a8   Section        0  usart.o(.text.fputc)
    [Anonymous Symbol]                       0x9000c2c8   Section        0  led.o(.text.key_init)
    [Anonymous Symbol]                       0x9000c358   Section        0  main.o(.text.main)
    i.__0printf                              0x9000c5fc   Section        0  printfa.o(i.__0printf)
    i.__scatterload_copy                     0x9000c61c   Section       14  handlers.o(i.__scatterload_copy)
    i.__scatterload_null                     0x9000c62a   Section        2  handlers.o(i.__scatterload_null)
    i.__scatterload_zeroinit                 0x9000c62c   Section       14  handlers.o(i.__scatterload_zeroinit)
    _fp_digits                               0x9000c63d   Thumb Code   366  printfa.o(i._fp_digits)
    i._fp_digits                             0x9000c63c   Section        0  printfa.o(i._fp_digits)
    _printf_core                             0x9000c7c1   Thumb Code  1744  printfa.o(i._printf_core)
    i._printf_core                           0x9000c7c0   Section        0  printfa.o(i._printf_core)
    _printf_post_padding                     0x9000ce9d   Thumb Code    36  printfa.o(i._printf_post_padding)
    i._printf_post_padding                   0x9000ce9c   Section        0  printfa.o(i._printf_post_padding)
    _printf_pre_padding                      0x9000cec1   Thumb Code    46  printfa.o(i._printf_pre_padding)
    i._printf_pre_padding                    0x9000cec0   Section        0  printfa.o(i._printf_pre_padding)
    i.puts                                   0x9000cef0   Section        0  puts.o(i.puts)
    .Lswitch.table.UART_SetConfig.5          0x9000cf14   Data           6  stm32h7xx_hal_uart.o(.rodata..Lswitch.table.UART_SetConfig.5)
    .Lswitch.table.UART_SetConfig.7          0x9000cf1a   Data           6  stm32h7xx_hal_uart.o(.rodata..Lswitch.table.UART_SetConfig.7)
    UARTEx_SetNbDataToProcess.numerator      0x9000f206   Data           8  stm32h7xx_hal_uart_ex.o(.rodata.cst8)
    [Anonymous Symbol]                       0x9000f206   Section        0  stm32h7xx_hal_uart_ex.o(.rodata.cst8)
    UARTEx_SetNbDataToProcess.denominator    0x9000f20e   Data           8  stm32h7xx_hal_uart_ex.o(.rodata.cst8)
    .L.str.1                                 0x9000f216   Data           3  main.o(.rodata.str1.1)
    [Anonymous Symbol]                       0x9000f216   Section        0  main.o(.rodata.str1.1)
    .L.str                                   0x9000f219   Data           8  main.o(.rodata.str1.1)
    .L.str.2                                 0x9000f221   Data          15  dcmi_ov5640.o(.rodata.str1.1)
    [Anonymous Symbol]                       0x9000f221   Section        0  dcmi_ov5640.o(.rodata.str1.1)
    .L.str.3                                 0x9000f230   Data          17  dcmi_ov5640.o(.rodata.str1.1)

    Global Symbols

    Symbol Name                              Value     Ov Type        Size  Object(Section)

    BuildAttributes$$THM_ISAv4$E$P$D$K$B$S$7EM$VFPv5_D16$PE$PLD8$A:L22UL41UL21$X:L11$S22US41US21$IEEE1$IW$~IW$USESV6$~STKCKD$USESV7$~SHL$OTIME$ROPI$EBA8$MICROLIB$REQ8$PRES8$EABIv2 0x00000000   Number         0  anon$$obj.o ABSOLUTE
    _printf_a                                0x00000000   Number         0  printfstubs.o ABSOLUTE
    _printf_c                                0x00000000   Number         0  printfstubs.o ABSOLUTE
    _printf_charcount                        0x00000000   Number         0  printfstubs.o ABSOLUTE
    _printf_d                                0x00000000   Number         0  printfstubs.o ABSOLUTE
    _printf_e                                0x00000000   Number         0  printfstubs.o ABSOLUTE
    _printf_f                                0x00000000   Number         0  printfstubs.o ABSOLUTE
    _printf_flags                            0x00000000   Number         0  printfstubs.o ABSOLUTE
    _printf_fp_dec                           0x00000000   Number         0  printfstubs.o ABSOLUTE
    _printf_fp_hex                           0x00000000   Number         0  printfstubs.o ABSOLUTE
    _printf_g                                0x00000000   Number         0  printfstubs.o ABSOLUTE
    _printf_i                                0x00000000   Number         0  printfstubs.o ABSOLUTE
    _printf_int_dec                          0x00000000   Number         0  printfstubs.o ABSOLUTE
    _printf_l                                0x00000000   Number         0  printfstubs.o ABSOLUTE
    _printf_lc                               0x00000000   Number         0  printfstubs.o ABSOLUTE
    _printf_ll                               0x00000000   Number         0  printfstubs.o ABSOLUTE
    _printf_lld                              0x00000000   Number         0  printfstubs.o ABSOLUTE
    _printf_lli                              0x00000000   Number         0  printfstubs.o ABSOLUTE
    _printf_llo                              0x00000000   Number         0  printfstubs.o ABSOLUTE
    _printf_llu                              0x00000000   Number         0  printfstubs.o ABSOLUTE
    _printf_llx                              0x00000000   Number         0  printfstubs.o ABSOLUTE
    _printf_longlong_dec                     0x00000000   Number         0  printfstubs.o ABSOLUTE
    _printf_longlong_hex                     0x00000000   Number         0  printfstubs.o ABSOLUTE
    _printf_longlong_oct                     0x00000000   Number         0  printfstubs.o ABSOLUTE
    _printf_ls                               0x00000000   Number         0  printfstubs.o ABSOLUTE
    _printf_mbtowc                           0x00000000   Number         0  printfstubs.o ABSOLUTE
    _printf_n                                0x00000000   Number         0  printfstubs.o ABSOLUTE
    _printf_o                                0x00000000   Number         0  printfstubs.o ABSOLUTE
    _printf_p                                0x00000000   Number         0  printfstubs.o ABSOLUTE
    _printf_percent                          0x00000000   Number         0  printfstubs.o ABSOLUTE
    _printf_pre_padding                      0x00000000   Number         0  printfstubs.o ABSOLUTE
    _printf_return_value                     0x00000000   Number         0  printfstubs.o ABSOLUTE
    _printf_s                                0x00000000   Number         0  printfstubs.o ABSOLUTE
    _printf_sizespec                         0x00000000   Number         0  printfstubs.o ABSOLUTE
    _printf_str                              0x00000000   Number         0  printfstubs.o ABSOLUTE
    _printf_truncate_signed                  0x00000000   Number         0  printfstubs.o ABSOLUTE
    _printf_truncate_unsigned                0x00000000   Number         0  printfstubs.o ABSOLUTE
    _printf_u                                0x00000000   Number         0  printfstubs.o ABSOLUTE
    _printf_wc                               0x00000000   Number         0  printfstubs.o ABSOLUTE
    _printf_wctomb                           0x00000000   Number         0  printfstubs.o ABSOLUTE
    _printf_widthprec                        0x00000000   Number         0  printfstubs.o ABSOLUTE
    _printf_x                                0x00000000   Number         0  printfstubs.o ABSOLUTE
    __cpp_initialize__aeabi_                  - Undefined Weak Reference
    __cxa_finalize                            - Undefined Weak Reference
    __decompress                              - Undefined Weak Reference
    _clock_init                               - Undefined Weak Reference
    _microlib_exit                            - Undefined Weak Reference
    __Vectors_Size                           0x00000298   Number         0  startup_stm32h750xx.o ABSOLUTE
    __stdout                                 0x20000000   Data           4  stdout.o(.data)
    uwTickFreq                               0x20000004   Data           1  stm32h7xx_hal.o(.data..L_MergedGlobals)
    uwTickPrio                               0x20000008   Data           4  stm32h7xx_hal.o(.data..L_MergedGlobals)
    SystemCoreClock                          0x2000000c   Data           4  system_stm32h7xx.o(.data..L_MergedGlobals)
    SystemD2Clock                            0x20000010   Data           4  system_stm32h7xx.o(.data..L_MergedGlobals)
    ASCII_Font20                             0x20000014   Data          12  lcd_fonts.o(.data.ASCII_Font20)
    LCD                                      0x20000028   Data          16  lcd_spi_200.o(.bss..L_MergedGlobals)
    OV5640_FrameState                        0x20000038   Data           1  dcmi_ov5640.o(.bss..L_MergedGlobals)
    OV5640_FPS                               0x2000003a   Data           1  dcmi_ov5640.o(.bss..L_MergedGlobals)
    hdcmi                                    0x20000040   Data          80  dcmi_ov5640.o(.bss..L_MergedGlobals)
    DMA_Handle_dcmi                          0x20000090   Data         120  dcmi_ov5640.o(.bss.DMA_Handle_dcmi)
    LCD_Buff                                 0x20000108   Data        2048  lcd_spi_200.o(.bss.LCD_Buff)
    hspi4                                    0x20000908   Data         136  lcd_spi_200.o(.bss.hspi4)
    huart1                                   0x20000990   Data         144  usart.o(.bss.huart1)
    uwTick                                   0x20000a20   Data           4  stm32h7xx_hal.o(.bss.uwTick)
    __initial_sp                             0x20000e28   Data           0  startup_stm32h750xx.o(STACK)
    __Vectors                                0x90000000   Data           4  startup_stm32h750xx.o(RESET)
    __Vectors_End                            0x90000298   Data           0  startup_stm32h750xx.o(RESET)
    __main                                   0x90000299   Thumb Code     0  entry.o(.ARM.Collect$$$$00000000)
    _main_stk                                0x90000299   Thumb Code     0  entry2.o(.ARM.Collect$$$$00000001)
    _main_scatterload                        0x9000029d   Thumb Code     0  entry5.o(.ARM.Collect$$$$00000004)
    __main_after_scatterload                 0x900002a1   Thumb Code     0  entry5.o(.ARM.Collect$$$$00000004)
    _main_clock                              0x900002a1   Thumb Code     0  entry7b.o(.ARM.Collect$$$$00000008)
    _main_cpp_init                           0x900002a1   Thumb Code     0  entry8b.o(.ARM.Collect$$$$0000000A)
    _main_init                               0x900002a1   Thumb Code     0  entry9a.o(.ARM.Collect$$$$0000000B)
    __rt_final_cpp                           0x900002a9   Thumb Code     0  entry10a.o(.ARM.Collect$$$$0000000D)
    __rt_final_exit                          0x900002a9   Thumb Code     0  entry11a.o(.ARM.Collect$$$$0000000F)
    Reset_Handler                            0x900002ad   Thumb Code     8  startup_stm32h750xx.o(.text)
    ADC3_IRQHandler                          0x900002c7   Thumb Code     0  startup_stm32h750xx.o(.text)
    ADC_IRQHandler                           0x900002c7   Thumb Code     0  startup_stm32h750xx.o(.text)
    BDMA_Channel0_IRQHandler                 0x900002c7   Thumb Code     0  startup_stm32h750xx.o(.text)
    BDMA_Channel1_IRQHandler                 0x900002c7   Thumb Code     0  startup_stm32h750xx.o(.text)
    BDMA_Channel2_IRQHandler                 0x900002c7   Thumb Code     0  startup_stm32h750xx.o(.text)
    BDMA_Channel3_IRQHandler                 0x900002c7   Thumb Code     0  startup_stm32h750xx.o(.text)
    BDMA_Channel4_IRQHandler                 0x900002c7   Thumb Code     0  startup_stm32h750xx.o(.text)
    BDMA_Channel5_IRQHandler                 0x900002c7   Thumb Code     0  startup_stm32h750xx.o(.text)
    BDMA_Channel6_IRQHandler                 0x900002c7   Thumb Code     0  startup_stm32h750xx.o(.text)
    BDMA_Channel7_IRQHandler                 0x900002c7   Thumb Code     0  startup_stm32h750xx.o(.text)
    CEC_IRQHandler                           0x900002c7   Thumb Code     0  startup_stm32h750xx.o(.text)
    COMP1_IRQHandler                         0x900002c7   Thumb Code     0  startup_stm32h750xx.o(.text)
    CRS_IRQHandler                           0x900002c7   Thumb Code     0  startup_stm32h750xx.o(.text)
    CRYP_IRQHandler                          0x900002c7   Thumb Code     0  startup_stm32h750xx.o(.text)
    DFSDM1_FLT0_IRQHandler                   0x900002c7   Thumb Code     0  startup_stm32h750xx.o(.text)
    DFSDM1_FLT1_IRQHandler                   0x900002c7   Thumb Code     0  startup_stm32h750xx.o(.text)
    DFSDM1_FLT2_IRQHandler                   0x900002c7   Thumb Code     0  startup_stm32h750xx.o(.text)
    DFSDM1_FLT3_IRQHandler                   0x900002c7   Thumb Code     0  startup_stm32h750xx.o(.text)
    DMA1_Stream0_IRQHandler                  0x900002c7   Thumb Code     0  startup_stm32h750xx.o(.text)
    DMA1_Stream1_IRQHandler                  0x900002c7   Thumb Code     0  startup_stm32h750xx.o(.text)
    DMA1_Stream2_IRQHandler                  0x900002c7   Thumb Code     0  startup_stm32h750xx.o(.text)
    DMA1_Stream3_IRQHandler                  0x900002c7   Thumb Code     0  startup_stm32h750xx.o(.text)
    DMA1_Stream4_IRQHandler                  0x900002c7   Thumb Code     0  startup_stm32h750xx.o(.text)
    DMA1_Stream5_IRQHandler                  0x900002c7   Thumb Code     0  startup_stm32h750xx.o(.text)
    DMA1_Stream6_IRQHandler                  0x900002c7   Thumb Code     0  startup_stm32h750xx.o(.text)
    DMA1_Stream7_IRQHandler                  0x900002c7   Thumb Code     0  startup_stm32h750xx.o(.text)
    DMA2D_IRQHandler                         0x900002c7   Thumb Code     0  startup_stm32h750xx.o(.text)
    DMA2_Stream0_IRQHandler                  0x900002c7   Thumb Code     0  startup_stm32h750xx.o(.text)
    DMA2_Stream1_IRQHandler                  0x900002c7   Thumb Code     0  startup_stm32h750xx.o(.text)
    DMA2_Stream2_IRQHandler                  0x900002c7   Thumb Code     0  startup_stm32h750xx.o(.text)
    DMA2_Stream3_IRQHandler                  0x900002c7   Thumb Code     0  startup_stm32h750xx.o(.text)
    DMA2_Stream4_IRQHandler                  0x900002c7   Thumb Code     0  startup_stm32h750xx.o(.text)
    DMA2_Stream5_IRQHandler                  0x900002c7   Thumb Code     0  startup_stm32h750xx.o(.text)
    DMA2_Stream6_IRQHandler                  0x900002c7   Thumb Code     0  startup_stm32h750xx.o(.text)
    DMAMUX1_OVR_IRQHandler                   0x900002c7   Thumb Code     0  startup_stm32h750xx.o(.text)
    DMAMUX2_OVR_IRQHandler                   0x900002c7   Thumb Code     0  startup_stm32h750xx.o(.text)
    ECC_IRQHandler                           0x900002c7   Thumb Code     0  startup_stm32h750xx.o(.text)
    ETH_IRQHandler                           0x900002c7   Thumb Code     0  startup_stm32h750xx.o(.text)
    ETH_WKUP_IRQHandler                      0x900002c7   Thumb Code     0  startup_stm32h750xx.o(.text)
    EXTI0_IRQHandler                         0x900002c7   Thumb Code     0  startup_stm32h750xx.o(.text)
    EXTI15_10_IRQHandler                     0x900002c7   Thumb Code     0  startup_stm32h750xx.o(.text)
    EXTI1_IRQHandler                         0x900002c7   Thumb Code     0  startup_stm32h750xx.o(.text)
    EXTI2_IRQHandler                         0x900002c7   Thumb Code     0  startup_stm32h750xx.o(.text)
    EXTI3_IRQHandler                         0x900002c7   Thumb Code     0  startup_stm32h750xx.o(.text)
    EXTI4_IRQHandler                         0x900002c7   Thumb Code     0  startup_stm32h750xx.o(.text)
    EXTI9_5_IRQHandler                       0x900002c7   Thumb Code     0  startup_stm32h750xx.o(.text)
    FDCAN1_IT0_IRQHandler                    0x900002c7   Thumb Code     0  startup_stm32h750xx.o(.text)
    FDCAN1_IT1_IRQHandler                    0x900002c7   Thumb Code     0  startup_stm32h750xx.o(.text)
    FDCAN2_IT0_IRQHandler                    0x900002c7   Thumb Code     0  startup_stm32h750xx.o(.text)
    FDCAN2_IT1_IRQHandler                    0x900002c7   Thumb Code     0  startup_stm32h750xx.o(.text)
    FDCAN_CAL_IRQHandler                     0x900002c7   Thumb Code     0  startup_stm32h750xx.o(.text)
    FLASH_IRQHandler                         0x900002c7   Thumb Code     0  startup_stm32h750xx.o(.text)
    FMC_IRQHandler                           0x900002c7   Thumb Code     0  startup_stm32h750xx.o(.text)
    FPU_IRQHandler                           0x900002c7   Thumb Code     0  startup_stm32h750xx.o(.text)
    HASH_RNG_IRQHandler                      0x900002c7   Thumb Code     0  startup_stm32h750xx.o(.text)
    HRTIM1_FLT_IRQHandler                    0x900002c7   Thumb Code     0  startup_stm32h750xx.o(.text)
    HRTIM1_Master_IRQHandler                 0x900002c7   Thumb Code     0  startup_stm32h750xx.o(.text)
    HRTIM1_TIMA_IRQHandler                   0x900002c7   Thumb Code     0  startup_stm32h750xx.o(.text)
    HRTIM1_TIMB_IRQHandler                   0x900002c7   Thumb Code     0  startup_stm32h750xx.o(.text)
    HRTIM1_TIMC_IRQHandler                   0x900002c7   Thumb Code     0  startup_stm32h750xx.o(.text)
    HRTIM1_TIMD_IRQHandler                   0x900002c7   Thumb Code     0  startup_stm32h750xx.o(.text)
    HRTIM1_TIME_IRQHandler                   0x900002c7   Thumb Code     0  startup_stm32h750xx.o(.text)
    HSEM1_IRQHandler                         0x900002c7   Thumb Code     0  startup_stm32h750xx.o(.text)
    I2C1_ER_IRQHandler                       0x900002c7   Thumb Code     0  startup_stm32h750xx.o(.text)
    I2C1_EV_IRQHandler                       0x900002c7   Thumb Code     0  startup_stm32h750xx.o(.text)
    I2C2_ER_IRQHandler                       0x900002c7   Thumb Code     0  startup_stm32h750xx.o(.text)
    I2C2_EV_IRQHandler                       0x900002c7   Thumb Code     0  startup_stm32h750xx.o(.text)
    I2C3_ER_IRQHandler                       0x900002c7   Thumb Code     0  startup_stm32h750xx.o(.text)
    I2C3_EV_IRQHandler                       0x900002c7   Thumb Code     0  startup_stm32h750xx.o(.text)
    I2C4_ER_IRQHandler                       0x900002c7   Thumb Code     0  startup_stm32h750xx.o(.text)
    I2C4_EV_IRQHandler                       0x900002c7   Thumb Code     0  startup_stm32h750xx.o(.text)
    JPEG_IRQHandler                          0x900002c7   Thumb Code     0  startup_stm32h750xx.o(.text)
    LPTIM1_IRQHandler                        0x900002c7   Thumb Code     0  startup_stm32h750xx.o(.text)
    LPTIM2_IRQHandler                        0x900002c7   Thumb Code     0  startup_stm32h750xx.o(.text)
    LPTIM3_IRQHandler                        0x900002c7   Thumb Code     0  startup_stm32h750xx.o(.text)
    LPTIM4_IRQHandler                        0x900002c7   Thumb Code     0  startup_stm32h750xx.o(.text)
    LPTIM5_IRQHandler                        0x900002c7   Thumb Code     0  startup_stm32h750xx.o(.text)
    LPUART1_IRQHandler                       0x900002c7   Thumb Code     0  startup_stm32h750xx.o(.text)
    LTDC_ER_IRQHandler                       0x900002c7   Thumb Code     0  startup_stm32h750xx.o(.text)
    LTDC_IRQHandler                          0x900002c7   Thumb Code     0  startup_stm32h750xx.o(.text)
    MDIOS_IRQHandler                         0x900002c7   Thumb Code     0  startup_stm32h750xx.o(.text)
    MDIOS_WKUP_IRQHandler                    0x900002c7   Thumb Code     0  startup_stm32h750xx.o(.text)
    MDMA_IRQHandler                          0x900002c7   Thumb Code     0  startup_stm32h750xx.o(.text)
    OTG_FS_EP1_IN_IRQHandler                 0x900002c7   Thumb Code     0  startup_stm32h750xx.o(.text)
    OTG_FS_EP1_OUT_IRQHandler                0x900002c7   Thumb Code     0  startup_stm32h750xx.o(.text)
    OTG_FS_IRQHandler                        0x900002c7   Thumb Code     0  startup_stm32h750xx.o(.text)
    OTG_FS_WKUP_IRQHandler                   0x900002c7   Thumb Code     0  startup_stm32h750xx.o(.text)
    OTG_HS_EP1_IN_IRQHandler                 0x900002c7   Thumb Code     0  startup_stm32h750xx.o(.text)
    OTG_HS_EP1_OUT_IRQHandler                0x900002c7   Thumb Code     0  startup_stm32h750xx.o(.text)
    OTG_HS_IRQHandler                        0x900002c7   Thumb Code     0  startup_stm32h750xx.o(.text)
    OTG_HS_WKUP_IRQHandler                   0x900002c7   Thumb Code     0  startup_stm32h750xx.o(.text)
    PVD_AVD_IRQHandler                       0x900002c7   Thumb Code     0  startup_stm32h750xx.o(.text)
    QUADSPI_IRQHandler                       0x900002c7   Thumb Code     0  startup_stm32h750xx.o(.text)
    RCC_IRQHandler                           0x900002c7   Thumb Code     0  startup_stm32h750xx.o(.text)
    RTC_Alarm_IRQHandler                     0x900002c7   Thumb Code     0  startup_stm32h750xx.o(.text)
    RTC_WKUP_IRQHandler                      0x900002c7   Thumb Code     0  startup_stm32h750xx.o(.text)
    SAI1_IRQHandler                          0x900002c7   Thumb Code     0  startup_stm32h750xx.o(.text)
    SAI2_IRQHandler                          0x900002c7   Thumb Code     0  startup_stm32h750xx.o(.text)
    SAI3_IRQHandler                          0x900002c7   Thumb Code     0  startup_stm32h750xx.o(.text)
    SAI4_IRQHandler                          0x900002c7   Thumb Code     0  startup_stm32h750xx.o(.text)
    SDMMC1_IRQHandler                        0x900002c7   Thumb Code     0  startup_stm32h750xx.o(.text)
    SDMMC2_IRQHandler                        0x900002c7   Thumb Code     0  startup_stm32h750xx.o(.text)
    SPDIF_RX_IRQHandler                      0x900002c7   Thumb Code     0  startup_stm32h750xx.o(.text)
    SPI1_IRQHandler                          0x900002c7   Thumb Code     0  startup_stm32h750xx.o(.text)
    SPI2_IRQHandler                          0x900002c7   Thumb Code     0  startup_stm32h750xx.o(.text)
    SPI3_IRQHandler                          0x900002c7   Thumb Code     0  startup_stm32h750xx.o(.text)
    SPI4_IRQHandler                          0x900002c7   Thumb Code     0  startup_stm32h750xx.o(.text)
    SPI5_IRQHandler                          0x900002c7   Thumb Code     0  startup_stm32h750xx.o(.text)
    SPI6_IRQHandler                          0x900002c7   Thumb Code     0  startup_stm32h750xx.o(.text)
    SWPMI1_IRQHandler                        0x900002c7   Thumb Code     0  startup_stm32h750xx.o(.text)
    TAMP_STAMP_IRQHandler                    0x900002c7   Thumb Code     0  startup_stm32h750xx.o(.text)
    TIM15_IRQHandler                         0x900002c7   Thumb Code     0  startup_stm32h750xx.o(.text)
    TIM16_IRQHandler                         0x900002c7   Thumb Code     0  startup_stm32h750xx.o(.text)
    TIM17_IRQHandler                         0x900002c7   Thumb Code     0  startup_stm32h750xx.o(.text)
    TIM1_BRK_IRQHandler                      0x900002c7   Thumb Code     0  startup_stm32h750xx.o(.text)
    TIM1_CC_IRQHandler                       0x900002c7   Thumb Code     0  startup_stm32h750xx.o(.text)
    TIM1_TRG_COM_IRQHandler                  0x900002c7   Thumb Code     0  startup_stm32h750xx.o(.text)
    TIM1_UP_IRQHandler                       0x900002c7   Thumb Code     0  startup_stm32h750xx.o(.text)
    TIM2_IRQHandler                          0x900002c7   Thumb Code     0  startup_stm32h750xx.o(.text)
    TIM3_IRQHandler                          0x900002c7   Thumb Code     0  startup_stm32h750xx.o(.text)
    TIM4_IRQHandler                          0x900002c7   Thumb Code     0  startup_stm32h750xx.o(.text)
    TIM5_IRQHandler                          0x900002c7   Thumb Code     0  startup_stm32h750xx.o(.text)
    TIM6_DAC_IRQHandler                      0x900002c7   Thumb Code     0  startup_stm32h750xx.o(.text)
    TIM7_IRQHandler                          0x900002c7   Thumb Code     0  startup_stm32h750xx.o(.text)
    TIM8_BRK_TIM12_IRQHandler                0x900002c7   Thumb Code     0  startup_stm32h750xx.o(.text)
    TIM8_CC_IRQHandler                       0x900002c7   Thumb Code     0  startup_stm32h750xx.o(.text)
    TIM8_TRG_COM_TIM14_IRQHandler            0x900002c7   Thumb Code     0  startup_stm32h750xx.o(.text)
    TIM8_UP_TIM13_IRQHandler                 0x900002c7   Thumb Code     0  startup_stm32h750xx.o(.text)
    UART4_IRQHandler                         0x900002c7   Thumb Code     0  startup_stm32h750xx.o(.text)
    UART5_IRQHandler                         0x900002c7   Thumb Code     0  startup_stm32h750xx.o(.text)
    UART7_IRQHandler                         0x900002c7   Thumb Code     0  startup_stm32h750xx.o(.text)
    UART8_IRQHandler                         0x900002c7   Thumb Code     0  startup_stm32h750xx.o(.text)
    USART1_IRQHandler                        0x900002c7   Thumb Code     0  startup_stm32h750xx.o(.text)
    USART2_IRQHandler                        0x900002c7   Thumb Code     0  startup_stm32h750xx.o(.text)
    USART3_IRQHandler                        0x900002c7   Thumb Code     0  startup_stm32h750xx.o(.text)
    USART6_IRQHandler                        0x900002c7   Thumb Code     0  startup_stm32h750xx.o(.text)
    WAKEUP_PIN_IRQHandler                    0x900002c7   Thumb Code     0  startup_stm32h750xx.o(.text)
    WWDG_IRQHandler                          0x900002c7   Thumb Code     0  startup_stm32h750xx.o(.text)
    __aeabi_uldivmod                         0x900002d1   Thumb Code    98  uldiv.o(.text)
    __aeabi_memset                           0x90000333   Thumb Code    14  memseta.o(.text)
    __aeabi_memset4                          0x90000333   Thumb Code     0  memseta.o(.text)
    __aeabi_memset8                          0x90000333   Thumb Code     0  memseta.o(.text)
    __aeabi_memclr                           0x90000341   Thumb Code     4  memseta.o(.text)
    __aeabi_memclr4                          0x90000341   Thumb Code     0  memseta.o(.text)
    __aeabi_memclr8                          0x90000341   Thumb Code     0  memseta.o(.text)
    _memset$wrapper                          0x90000345   Thumb Code    18  memseta.o(.text)
    __aeabi_uidiv                            0x90000357   Thumb Code     0  uidiv.o(.text)
    __aeabi_uidivmod                         0x90000357   Thumb Code    44  uidiv.o(.text)
    __aeabi_llsl                             0x90000383   Thumb Code    30  llshl.o(.text)
    _ll_shift_l                              0x90000383   Thumb Code     0  llshl.o(.text)
    __aeabi_llsr                             0x900003a1   Thumb Code    32  llushr.o(.text)
    _ll_ushift_r                             0x900003a1   Thumb Code     0  llushr.o(.text)
    __I$use$fp                               0x900003c1   Thumb Code     0  iusefp.o(.text)
    __aeabi_dadd                             0x900003c1   Thumb Code   322  dadd.o(.text)
    __aeabi_dsub                             0x90000503   Thumb Code     6  dadd.o(.text)
    __aeabi_drsub                            0x90000509   Thumb Code     6  dadd.o(.text)
    __aeabi_dmul                             0x9000050f   Thumb Code   228  dmul.o(.text)
    __aeabi_ddiv                             0x900005f3   Thumb Code   222  ddiv.o(.text)
    __aeabi_d2ulz                            0x900006d1   Thumb Code    48  dfixul.o(.text)
    __aeabi_cdrcmple                         0x90000701   Thumb Code    48  cdrcmple.o(.text)
    __scatterload                            0x90000731   Thumb Code    38  init.o(.text)
    __scatterload_rt2                        0x90000731   Thumb Code     0  init.o(.text)
    __aeabi_lasr                             0x90000761   Thumb Code    36  llsshr.o(.text)
    _ll_sshift_r                             0x90000761   Thumb Code     0  llsshr.o(.text)
    _double_round                            0x90000785   Thumb Code    30  depilogue.o(.text)
    _double_epilogue                         0x900007a3   Thumb Code   156  depilogue.o(.text)
    BusFault_Handler                         0x90000841   Thumb Code     2  stm32h7xx_it.o(.text.BusFault_Handler)
    DCMI_IRQHandler                          0x90000901   Thumb Code    12  stm32h7xx_it.o(.text.DCMI_IRQHandler)
    DCMI_OV5640_Init                         0x90000911   Thumb Code   456  dcmi_ov5640.o(.text.DCMI_OV5640_Init)
    DMA2_Stream7_IRQHandler                  0x90000b09   Thumb Code    12  stm32h7xx_it.o(.text.DMA2_Stream7_IRQHandler)
    DebugMon_Handler                         0x90001069   Thumb Code     2  stm32h7xx_it.o(.text.DebugMon_Handler)
    HAL_DCMI_ConfigCrop                      0x90001071   Thumb Code    66  stm32h7xx_hal_dcmi.o(.text.HAL_DCMI_ConfigCrop)
    HAL_DCMI_EnableCrop                      0x900010b9   Thumb Code    42  stm32h7xx_hal_dcmi.o(.text.HAL_DCMI_EnableCrop)
    HAL_DCMI_ErrorCallback                   0x900010e9   Thumb Code     2  dcmi_ov5640.o(.text.HAL_DCMI_ErrorCallback)
    HAL_DCMI_FrameEventCallback              0x900010f1   Thumb Code    56  dcmi_ov5640.o(.text.HAL_DCMI_FrameEventCallback)
    HAL_DCMI_IRQHandler                      0x90001129   Thumb Code   166  stm32h7xx_hal_dcmi.o(.text.HAL_DCMI_IRQHandler)
    HAL_DCMI_Init                            0x900011d1   Thumb Code   156  stm32h7xx_hal_dcmi.o(.text.HAL_DCMI_Init)
    HAL_DCMI_LineEventCallback               0x90001271   Thumb Code     2  stm32h7xx_hal_dcmi.o(.text.HAL_DCMI_LineEventCallback)
    HAL_DCMI_MspInit                         0x90001279   Thumb Code   338  dcmi_ov5640.o(.text.HAL_DCMI_MspInit)
    HAL_DCMI_Start_DMA                       0x900013d1   Thumb Code   292  stm32h7xx_hal_dcmi.o(.text.HAL_DCMI_Start_DMA)
    HAL_DCMI_VsyncEventCallback              0x900014f9   Thumb Code     2  stm32h7xx_hal_dcmi.o(.text.HAL_DCMI_VsyncEventCallback)
    HAL_DMAEx_ChangeMemory                   0x90001501   Thumb Code   246  stm32h7xx_hal_dma_ex.o(.text.HAL_DMAEx_ChangeMemory)
    HAL_DMAEx_MultiBufferStart_IT            0x900015f9   Thumb Code  1572  stm32h7xx_hal_dma_ex.o(.text.HAL_DMAEx_MultiBufferStart_IT)
    HAL_DMA_Abort_IT                         0x90001c21   Thumb Code   696  stm32h7xx_hal_dma.o(.text.HAL_DMA_Abort_IT)
    HAL_DMA_IRQHandler                       0x90001ed9   Thumb Code  2048  stm32h7xx_hal_dma.o(.text.HAL_DMA_IRQHandler)
    HAL_DMA_Init                             0x900026d9   Thumb Code  1638  stm32h7xx_hal_dma.o(.text.HAL_DMA_Init)
    HAL_DMA_Start_IT                         0x90002d41   Thumb Code   934  stm32h7xx_hal_dma.o(.text.HAL_DMA_Start_IT)
    HAL_Delay                                0x900030e9   Thumb Code    40  stm32h7xx_hal.o(.text.HAL_Delay)
    HAL_GPIO_Init                            0x90003111   Thumb Code   450  stm32h7xx_hal_gpio.o(.text.HAL_GPIO_Init)
    HAL_GPIO_ReadPin                         0x900032d9   Thumb Code    10  stm32h7xx_hal_gpio.o(.text.HAL_GPIO_ReadPin)
    HAL_GPIO_TogglePin                       0x900032e9   Thumb Code    16  stm32h7xx_hal_gpio.o(.text.HAL_GPIO_TogglePin)
    HAL_GPIO_WritePin                        0x900032f9   Thumb Code    10  stm32h7xx_hal_gpio.o(.text.HAL_GPIO_WritePin)
    HAL_GetREVID                             0x90003309   Thumb Code    14  stm32h7xx_hal.o(.text.HAL_GetREVID)
    HAL_GetTick                              0x90003319   Thumb Code    12  stm32h7xx_hal.o(.text.HAL_GetTick)
    HAL_IncTick                              0x90003329   Thumb Code    26  stm32h7xx_hal.o(.text.HAL_IncTick)
    HAL_Init                                 0x90003349   Thumb Code   100  stm32h7xx_hal.o(.text.HAL_Init)
    HAL_InitTick                             0x900033b1   Thumb Code    76  stm32h7xx_hal.o(.text.HAL_InitTick)
    HAL_MPU_ConfigRegion                     0x90003401   Thumb Code    96  stm32h7xx_hal_cortex.o(.text.HAL_MPU_ConfigRegion)
    HAL_MPU_Disable                          0x90003461   Thumb Code    26  stm32h7xx_hal_cortex.o(.text.HAL_MPU_Disable)
    HAL_MPU_Enable                           0x90003481   Thumb Code    32  stm32h7xx_hal_cortex.o(.text.HAL_MPU_Enable)
    HAL_MspInit                              0x900034a1   Thumb Code    32  stm32h7xx_hal_msp.o(.text.HAL_MspInit)
    HAL_NVIC_EnableIRQ                       0x900034c1   Thumb Code    34  stm32h7xx_hal_cortex.o(.text.HAL_NVIC_EnableIRQ)
    HAL_NVIC_SetPriority                     0x900034e9   Thumb Code    90  stm32h7xx_hal_cortex.o(.text.HAL_NVIC_SetPriority)
    HAL_NVIC_SetPriorityGrouping             0x90003549   Thumb Code    32  stm32h7xx_hal_cortex.o(.text.HAL_NVIC_SetPriorityGrouping)
    HAL_PWREx_ConfigSupply                   0x90003569   Thumb Code    76  stm32h7xx_hal_pwr_ex.o(.text.HAL_PWREx_ConfigSupply)
    HAL_RCCEx_GetD3PCLK1Freq                 0x900035b9   Thumb Code    38  stm32h7xx_hal_rcc_ex.o(.text.HAL_RCCEx_GetD3PCLK1Freq)
    HAL_RCCEx_GetPLL2ClockFreq               0x900035e1   Thumb Code   284  stm32h7xx_hal_rcc_ex.o(.text.HAL_RCCEx_GetPLL2ClockFreq)
    HAL_RCCEx_GetPLL3ClockFreq               0x90003711   Thumb Code   284  stm32h7xx_hal_rcc_ex.o(.text.HAL_RCCEx_GetPLL3ClockFreq)
    HAL_RCCEx_PeriphCLKConfig                0x90003841   Thumb Code  3172  stm32h7xx_hal_rcc_ex.o(.text.HAL_RCCEx_PeriphCLKConfig)
    HAL_RCC_ClockConfig                      0x900044a9   Thumb Code   616  stm32h7xx_hal_rcc.o(.text.HAL_RCC_ClockConfig)
    HAL_RCC_GetHCLKFreq                      0x90004711   Thumb Code    76  stm32h7xx_hal_rcc.o(.text.HAL_RCC_GetHCLKFreq)
    HAL_RCC_GetPCLK1Freq                     0x90004761   Thumb Code    96  stm32h7xx_hal_rcc.o(.text.HAL_RCC_GetPCLK1Freq)
    HAL_RCC_GetPCLK2Freq                     0x900047c1   Thumb Code    96  stm32h7xx_hal_rcc.o(.text.HAL_RCC_GetPCLK2Freq)
    HAL_RCC_GetSysClockFreq                  0x90004821   Thumb Code   264  stm32h7xx_hal_rcc.o(.text.HAL_RCC_GetSysClockFreq)
    HAL_RCC_OscConfig                        0x90004939   Thumb Code  1276  stm32h7xx_hal_rcc.o(.text.HAL_RCC_OscConfig)
    HAL_SPI_Init                             0x90004e39   Thumb Code   368  stm32h7xx_hal_spi.o(.text.HAL_SPI_Init)
    HAL_SPI_MspInit                          0x90004fa9   Thumb Code   192  lcd_spi_200.o(.text.HAL_SPI_MspInit)
    HAL_SPI_Transmit                         0x90005069   Thumb Code   664  stm32h7xx_hal_spi.o(.text.HAL_SPI_Transmit)
    HAL_SYSTICK_Config                       0x90005301   Thumb Code    46  stm32h7xx_hal_cortex.o(.text.HAL_SYSTICK_Config)
    HAL_UARTEx_DisableFifoMode               0x90005331   Thumb Code    54  stm32h7xx_hal_uart_ex.o(.text.HAL_UARTEx_DisableFifoMode)
    HAL_UARTEx_SetRxFifoThreshold            0x90005369   Thumb Code   144  stm32h7xx_hal_uart_ex.o(.text.HAL_UARTEx_SetRxFifoThreshold)
    HAL_UARTEx_SetTxFifoThreshold            0x900053f9   Thumb Code   144  stm32h7xx_hal_uart_ex.o(.text.HAL_UARTEx_SetTxFifoThreshold)
    HAL_UART_Init                            0x90005489   Thumb Code    98  stm32h7xx_hal_uart.o(.text.HAL_UART_Init)
    HAL_UART_MspInit                         0x900054f1   Thumb Code   142  usart.o(.text.HAL_UART_MspInit)
    HAL_UART_Transmit                        0x90005581   Thumb Code   218  stm32h7xx_hal_uart.o(.text.HAL_UART_Transmit)
    HardFault_Handler                        0x90005661   Thumb Code     2  stm32h7xx_it.o(.text.HardFault_Handler)
    LCD_CopyBuffer                           0x90005669   Thumb Code    90  lcd_spi_200.o(.text.LCD_CopyBuffer)
    LCD_DisplayChar                          0x900056c9   Thumb Code   442  lcd_spi_200.o(.text.LCD_DisplayChar)
    LCD_DisplayString                        0x90005889   Thumb Code    56  lcd_spi_200.o(.text.LCD_DisplayString)
    LCD_SPI_CloseTransfer                    0x900058c1   Thumb Code   208  lcd_spi_200.o(.text.LCD_SPI_CloseTransfer)
    LCD_SPI_Transmit                         0x90005991   Thumb Code   366  lcd_spi_200.o(.text.LCD_SPI_Transmit)
    LCD_SPI_TransmitBuffer                   0x90005b01   Thumb Code   358  lcd_spi_200.o(.text.LCD_SPI_TransmitBuffer)
    LCD_SetAddress                           0x90005c69   Thumb Code   316  lcd_spi_200.o(.text.LCD_SetAddress)
    LED_Init                                 0x90005da9   Thumb Code    80  led.o(.text.LED_Init)
    MemManage_Handler                        0x90005df9   Thumb Code     2  stm32h7xx_it.o(.text.MemManage_Handler)
    NMI_Handler                              0x90005e01   Thumb Code     2  stm32h7xx_it.o(.text.NMI_Handler)
    OV5640_AF_Download_Firmware              0x90005e09   Thumb Code   108  dcmi_ov5640.o(.text.OV5640_AF_Download_Firmware)
    OV5640_AF_Trigger_Constant               0x90005ec9   Thumb Code    10  dcmi_ov5640.o(.text.OV5640_AF_Trigger_Constant)
    OV5640_DMA_Transmit_Continuous           0x90005ed9   Thumb Code    48  dcmi_ov5640.o(.text.OV5640_DMA_Transmit_Continuous)
    OV5640_Reset                             0x90005f09   Thumb Code  2652  dcmi_ov5640.o(.text.OV5640_Reset)
    OV5640_Set_Pixformat                     0x90006969   Thumb Code   230  dcmi_ov5640.o(.text.OV5640_Set_Pixformat)
    PendSV_Handler                           0x90006a51   Thumb Code     2  stm32h7xx_it.o(.text.PendSV_Handler)
    SCCB_ACK                                 0x90006ca9   Thumb Code  2860  sccb.o(.text.SCCB_ACK)
    SCCB_GPIO_Config                         0x900077d9   Thumb Code   132  sccb.o(.text.SCCB_GPIO_Config)
    SCCB_NoACK                               0x90007861   Thumb Code  2848  sccb.o(.text.SCCB_NoACK)
    SCCB_ReadByte                            0x90008381   Thumb Code  1524  sccb.o(.text.SCCB_ReadByte)
    SCCB_ReadReg_16Bit                       0x90008979   Thumb Code    78  sccb.o(.text.SCCB_ReadReg_16Bit)
    SCCB_Start                               0x900089c9   Thumb Code  2152  sccb.o(.text.SCCB_Start)
    SCCB_Stop                                0x90009231   Thumb Code  2848  sccb.o(.text.SCCB_Stop)
    SCCB_WaitACK                             0x90009d51   Thumb Code  2866  sccb.o(.text.SCCB_WaitACK)
    SCCB_WriteBuffer_16Bit                   0x9000a889   Thumb Code    64  sccb.o(.text.SCCB_WriteBuffer_16Bit)
    SCCB_WriteByte                           0x9000a8c9   Thumb Code  1514  sccb.o(.text.SCCB_WriteByte)
    SCCB_WriteReg_16Bit                      0x9000aeb9   Thumb Code    50  sccb.o(.text.SCCB_WriteReg_16Bit)
    SPI_LCD_Init                             0x9000afc1   Thumb Code  2342  lcd_spi_200.o(.text.SPI_LCD_Init)
    SVC_Handler                              0x9000b8e9   Thumb Code     2  stm32h7xx_it.o(.text.SVC_Handler)
    SysTick_Handler                          0x9000b8f1   Thumb Code     4  stm32h7xx_it.o(.text.SysTick_Handler)
    SystemClock_Config                       0x9000b8f9   Thumb Code   284  main.o(.text.SystemClock_Config)
    SystemInit                               0x9000ba19   Thumb Code   226  system_stm32h7xx.o(.text.SystemInit)
    UART_AdvFeatureConfig                    0x9000bb01   Thumb Code   224  stm32h7xx_hal_uart.o(.text.UART_AdvFeatureConfig)
    UART_CheckIdleState                      0x9000bbe1   Thumb Code   248  stm32h7xx_hal_uart.o(.text.UART_CheckIdleState)
    UART_SetConfig                           0x9000bcd9   Thumb Code  1136  stm32h7xx_hal_uart.o(.text.UART_SetConfig)
    UART_WaitOnFlagUntilTimeout              0x9000c151   Thumb Code   250  stm32h7xx_hal_uart.o(.text.UART_WaitOnFlagUntilTimeout)
    USART1_Init                              0x9000c251   Thumb Code    80  usart.o(.text.USART1_Init)
    UsageFault_Handler                       0x9000c2a1   Thumb Code     2  stm32h7xx_it.o(.text.UsageFault_Handler)
    fputc                                    0x9000c2a9   Thumb Code    30  usart.o(.text.fputc)
    key_init                                 0x9000c2c9   Thumb Code   142  led.o(.text.key_init)
    main                                     0x9000c359   Thumb Code   652  main.o(.text.main)
    __0printf                                0x9000c5fd   Thumb Code    22  printfa.o(i.__0printf)
    __1printf                                0x9000c5fd   Thumb Code     0  printfa.o(i.__0printf)
    __2printf                                0x9000c5fd   Thumb Code     0  printfa.o(i.__0printf)
    __c89printf                              0x9000c5fd   Thumb Code     0  printfa.o(i.__0printf)
    printf                                   0x9000c5fd   Thumb Code     0  printfa.o(i.__0printf)
    __scatterload_copy                       0x9000c61d   Thumb Code    14  handlers.o(i.__scatterload_copy)
    __scatterload_null                       0x9000c62b   Thumb Code     2  handlers.o(i.__scatterload_null)
    __scatterload_zeroinit                   0x9000c62d   Thumb Code    14  handlers.o(i.__scatterload_zeroinit)
    puts                                     0x9000cef1   Thumb Code    30  puts.o(i.puts)
    ASCII_2010_Table                         0x9000cf20   Data        3800  lcd_fonts.o(.rodata.ASCII_2010_Table)
    D1CorePrescTable                         0x9000ddf8   Data          16  system_stm32h7xx.o(.rodata.D1CorePrescTable)
    OV5640_AF_Firmware                       0x9000de08   Data        4077  dcmi_ov5640.o(.rodata.OV5640_AF_Firmware)
    OV5640_INIT_Config                       0x9000edf6   Data        1016  dcmi_ov5640.o(.rodata.OV5640_INIT_Config)
    UARTPrescTable                           0x9000f1ee   Data          24  stm32h7xx_hal_uart.o(.rodata.UARTPrescTable)
    Region$$Table$$Base                      0x9000f244   Number         0  anon$$obj.o(Region$$Table)
    Region$$Table$$Limit                     0x9000f264   Number         0  anon$$obj.o(Region$$Table)



==============================================================================

Memory Map of the image

  Image Entry point : 0x90000299

  Load Region LR_ROM1 (Base: 0x90000000, Size: 0x0000f288, Max: 0x00800000, ABSOLUTE)

    Execution Region RW_IRAM1 (Exec base: 0x20000000, Load base: 0x9000f268, Size: 0x00000e28, Max: 0x00020000, ABSOLUTE)

    Exec Addr    Load Addr    Size         Type   Attr      Idx    E Section Name        Object

    0x20000000   0x9000f268   0x00000004   Data   RW         1775    .data               mc_w.l(stdout.o)
    0x20000004   0x9000f26c   0x00000008   Data   RW          969    .data..L_MergedGlobals  stm32h7xx_hal.o
    0x2000000c   0x9000f274   0x00000008   Data   RW         1481    .data..L_MergedGlobals  system_stm32h7xx.o
    0x20000014   0x9000f27c   0x0000000c   Data   RW          114    .data.ASCII_Font20  lcd_fonts.o
    0x20000020        -       0x00000018   Zero   RW          198    .bss..L_MergedGlobals  lcd_spi_200.o
    0x20000038        -       0x00000058   Zero   RW          312    .bss..L_MergedGlobals  dcmi_ov5640.o
    0x20000090        -       0x00000078   Zero   RW          310    .bss.DMA_Handle_dcmi  dcmi_ov5640.o
    0x20000108        -       0x00000800   Zero   RW          197    .bss.LCD_Buff       lcd_spi_200.o
    0x20000908        -       0x00000088   Zero   RW          196    .bss.hspi4          lcd_spi_200.o
    0x20000990        -       0x00000090   Zero   RW           88    .bss.huart1         usart.o
    0x20000a20        -       0x00000004   Zero   RW          968    .bss.uwTick         stm32h7xx_hal.o
    0x20000a24   0x9000f288   0x00000004   PAD
    0x20000a28        -       0x00000400   Zero   RW            1    STACK               startup_stm32h750xx.o


    Execution Region ER_ROM1 (Exec base: 0x90000000, Load base: 0x90000000, Size: 0x0000f264, Max: 0x00800000, ABSOLUTE)

    Exec Addr    Load Addr    Size         Type   Attr      Idx    E Section Name        Object

    0x90000000   0x90000000   0x00000298   Data   RO            3    RESET               startup_stm32h750xx.o
    0x90000298   0x90000298   0x00000000   Code   RO         1489  * .ARM.Collect$$$$00000000  mc_w.l(entry.o)
    0x90000298   0x90000298   0x00000004   Code   RO         1761    .ARM.Collect$$$$00000001  mc_w.l(entry2.o)
    0x9000029c   0x9000029c   0x00000004   Code   RO         1764    .ARM.Collect$$$$00000004  mc_w.l(entry5.o)
    0x900002a0   0x900002a0   0x00000000   Code   RO         1766    .ARM.Collect$$$$00000008  mc_w.l(entry7b.o)
    0x900002a0   0x900002a0   0x00000000   Code   RO         1768    .ARM.Collect$$$$0000000A  mc_w.l(entry8b.o)
    0x900002a0   0x900002a0   0x00000008   Code   RO         1769    .ARM.Collect$$$$0000000B  mc_w.l(entry9a.o)
    0x900002a8   0x900002a8   0x00000000   Code   RO         1771    .ARM.Collect$$$$0000000D  mc_w.l(entry10a.o)
    0x900002a8   0x900002a8   0x00000000   Code   RO         1773    .ARM.Collect$$$$0000000F  mc_w.l(entry11a.o)
    0x900002a8   0x900002a8   0x00000004   Code   RO         1762    .ARM.Collect$$$$00002712  mc_w.l(entry2.o)
    0x900002ac   0x900002ac   0x00000024   Code   RO            4    .text               startup_stm32h750xx.o
    0x900002d0   0x900002d0   0x00000062   Code   RO         1496    .text               mc_w.l(uldiv.o)
    0x90000332   0x90000332   0x00000024   Code   RO         1498    .text               mc_w.l(memseta.o)
    0x90000356   0x90000356   0x0000002c   Code   RO         1785    .text               mc_w.l(uidiv.o)
    0x90000382   0x90000382   0x0000001e   Code   RO         1787    .text               mc_w.l(llshl.o)
    0x900003a0   0x900003a0   0x00000020   Code   RO         1789    .text               mc_w.l(llushr.o)
    0x900003c0   0x900003c0   0x00000000   Code   RO         1791    .text               mc_w.l(iusefp.o)
    0x900003c0   0x900003c0   0x0000014e   Code   RO         1792    .text               mf_w.l(dadd.o)
    0x9000050e   0x9000050e   0x000000e4   Code   RO         1794    .text               mf_w.l(dmul.o)
    0x900005f2   0x900005f2   0x000000de   Code   RO         1796    .text               mf_w.l(ddiv.o)
    0x900006d0   0x900006d0   0x00000030   Code   RO         1798    .text               mf_w.l(dfixul.o)
    0x90000700   0x90000700   0x00000030   Code   RO         1800    .text               mf_w.l(cdrcmple.o)
    0x90000730   0x90000730   0x00000030   Code   RO         1802    .text               mc_w.l(init.o)
    0x90000760   0x90000760   0x00000024   Code   RO         1804    .text               mc_w.l(llsshr.o)
    0x90000784   0x90000784   0x000000ba   Code   RO         1806    .text               mf_w.l(depilogue.o)
    0x9000083e   0x9000083e   0x00000002   PAD
    0x90000840   0x90000840   0x00000002   Code   RO           37    .text.BusFault_Handler  stm32h7xx_it.o
    0x90000842   0x90000842   0x00000006   PAD
    0x90000848   0x90000848   0x0000001c   Code   RO          381    .text.DCMI_DMAError  stm32h7xx_hal_dcmi.o
    0x90000864   0x90000864   0x00000004   PAD
    0x90000868   0x90000868   0x00000096   Code   RO          379    .text.DCMI_DMAXferCplt  stm32h7xx_hal_dcmi.o
    0x900008fe   0x900008fe   0x00000002   PAD
    0x90000900   0x90000900   0x0000000c   Code   RO           51    .text.DCMI_IRQHandler  stm32h7xx_it.o
    0x9000090c   0x9000090c   0x00000004   PAD
    0x90000910   0x90000910   0x000001f8   Code   RO          255    .text.DCMI_OV5640_Init  dcmi_ov5640.o
    0x90000b08   0x90000b08   0x0000000c   Code   RO           49    .text.DMA2_Stream7_IRQHandler  stm32h7xx_it.o
    0x90000b14   0x90000b14   0x00000004   PAD
    0x90000b18   0x90000b18   0x00000128   Code   RO          636    .text.DMA_CalcBaseAndBitshift  stm32h7xx_hal_dma.o
    0x90000c40   0x90000c40   0x0000011a   Code   RO          672    .text.DMA_MultiBufferSetConfig  stm32h7xx_hal_dma_ex.o
    0x90000d5a   0x90000d5a   0x00000006   PAD
    0x90000d60   0x90000d60   0x00000308   Code   RO          642    .text.DMA_SetConfig  stm32h7xx_hal_dma.o
    0x90001068   0x90001068   0x00000002   Code   RO           43    .text.DebugMon_Handler  stm32h7xx_it.o
    0x9000106a   0x9000106a   0x00000006   PAD
    0x90001070   0x90001070   0x00000042   Code   RO          399    .text.HAL_DCMI_ConfigCrop  stm32h7xx_hal_dcmi.o
    0x900010b2   0x900010b2   0x00000006   PAD
    0x900010b8   0x900010b8   0x0000002a   Code   RO          403    .text.HAL_DCMI_EnableCrop  stm32h7xx_hal_dcmi.o
    0x900010e2   0x900010e2   0x00000006   PAD
    0x900010e8   0x900010e8   0x00000002   Code   RO          303    .text.HAL_DCMI_ErrorCallback  dcmi_ov5640.o
    0x900010ea   0x900010ea   0x00000006   PAD
    0x900010f0   0x900010f0   0x00000038   Code   RO          301    .text.HAL_DCMI_FrameEventCallback  dcmi_ov5640.o
    0x90001128   0x90001128   0x000000a6   Code   RO          389    .text.HAL_DCMI_IRQHandler  stm32h7xx_hal_dcmi.o
    0x900011ce   0x900011ce   0x00000002   PAD
    0x900011d0   0x900011d0   0x0000009c   Code   RO          369    .text.HAL_DCMI_Init  stm32h7xx_hal_dcmi.o
    0x9000126c   0x9000126c   0x00000004   PAD
    0x90001270   0x90001270   0x00000002   Code   RO          391    .text.HAL_DCMI_LineEventCallback  stm32h7xx_hal_dcmi.o
    0x90001272   0x90001272   0x00000006   PAD
    0x90001278   0x90001278   0x00000152   Code   RO          247    .text.HAL_DCMI_MspInit  dcmi_ov5640.o
    0x900013ca   0x900013ca   0x00000006   PAD
    0x900013d0   0x900013d0   0x00000124   Code   RO          377    .text.HAL_DCMI_Start_DMA  stm32h7xx_hal_dcmi.o
    0x900014f4   0x900014f4   0x00000004   PAD
    0x900014f8   0x900014f8   0x00000002   Code   RO          393    .text.HAL_DCMI_VsyncEventCallback  stm32h7xx_hal_dcmi.o
    0x900014fa   0x900014fa   0x00000006   PAD
    0x90001500   0x90001500   0x000000f6   Code   RO          676    .text.HAL_DMAEx_ChangeMemory  stm32h7xx_hal_dma_ex.o
    0x900015f6   0x900015f6   0x00000002   PAD
    0x900015f8   0x900015f8   0x00000624   Code   RO          674    .text.HAL_DMAEx_MultiBufferStart_IT  stm32h7xx_hal_dma_ex.o
    0x90001c1c   0x90001c1c   0x00000004   PAD
    0x90001c20   0x90001c20   0x000002b8   Code   RO          648    .text.HAL_DMA_Abort_IT  stm32h7xx_hal_dma.o
    0x90001ed8   0x90001ed8   0x00000800   Code   RO          652    .text.HAL_DMA_IRQHandler  stm32h7xx_hal_dma.o
    0x900026d8   0x900026d8   0x00000666   Code   RO          634    .text.HAL_DMA_Init  stm32h7xx_hal_dma.o
    0x90002d3e   0x90002d3e   0x00000002   PAD
    0x90002d40   0x90002d40   0x000003a6   Code   RO          644    .text.HAL_DMA_Start_IT  stm32h7xx_hal_dma.o
    0x900030e6   0x900030e6   0x00000002   PAD
    0x900030e8   0x900030e8   0x00000028   Code   RO          892    .text.HAL_Delay     stm32h7xx_hal.o
    0x90003110   0x90003110   0x000001c2   Code   RO          580    .text.HAL_GPIO_Init  stm32h7xx_hal_gpio.o
    0x900032d2   0x900032d2   0x00000006   PAD
    0x900032d8   0x900032d8   0x0000000a   Code   RO          584    .text.HAL_GPIO_ReadPin  stm32h7xx_hal_gpio.o
    0x900032e2   0x900032e2   0x00000006   PAD
    0x900032e8   0x900032e8   0x00000010   Code   RO          588    .text.HAL_GPIO_TogglePin  stm32h7xx_hal_gpio.o
    0x900032f8   0x900032f8   0x0000000a   Code   RO          586    .text.HAL_GPIO_WritePin  stm32h7xx_hal_gpio.o
    0x90003302   0x90003302   0x00000006   PAD
    0x90003308   0x90003308   0x0000000e   Code   RO          900    .text.HAL_GetREVID  stm32h7xx_hal.o
    0x90003316   0x90003316   0x00000002   PAD
    0x90003318   0x90003318   0x0000000c   Code   RO          884    .text.HAL_GetTick   stm32h7xx_hal.o
    0x90003324   0x90003324   0x00000004   PAD
    0x90003328   0x90003328   0x0000001a   Code   RO          882    .text.HAL_IncTick   stm32h7xx_hal.o
    0x90003342   0x90003342   0x00000006   PAD
    0x90003348   0x90003348   0x00000064   Code   RO          872    .text.HAL_Init      stm32h7xx_hal.o
    0x900033ac   0x900033ac   0x00000004   PAD
    0x900033b0   0x900033b0   0x0000004c   Code   RO          874    .text.HAL_InitTick  stm32h7xx_hal.o
    0x900033fc   0x900033fc   0x00000004   PAD
    0x90003400   0x90003400   0x00000060   Code   RO          339    .text.HAL_MPU_ConfigRegion  stm32h7xx_hal_cortex.o
    0x90003460   0x90003460   0x0000001a   Code   RO          335    .text.HAL_MPU_Disable  stm32h7xx_hal_cortex.o
    0x9000347a   0x9000347a   0x00000006   PAD
    0x90003480   0x90003480   0x00000020   Code   RO          337    .text.HAL_MPU_Enable  stm32h7xx_hal_cortex.o
    0x900034a0   0x900034a0   0x00000020   Code   RO           60    .text.HAL_MspInit   stm32h7xx_hal_msp.o
    0x900034c0   0x900034c0   0x00000022   Code   RO          325    .text.HAL_NVIC_EnableIRQ  stm32h7xx_hal_cortex.o
    0x900034e2   0x900034e2   0x00000006   PAD
    0x900034e8   0x900034e8   0x0000005a   Code   RO          323    .text.HAL_NVIC_SetPriority  stm32h7xx_hal_cortex.o
    0x90003542   0x90003542   0x00000006   PAD
    0x90003548   0x90003548   0x00000020   Code   RO          321    .text.HAL_NVIC_SetPriorityGrouping  stm32h7xx_hal_cortex.o
    0x90003568   0x90003568   0x0000004c   Code   RO          784    .text.HAL_PWREx_ConfigSupply  stm32h7xx_hal_pwr_ex.o
    0x900035b4   0x900035b4   0x00000004   PAD
    0x900035b8   0x900035b8   0x00000026   Code   RO          471    .text.HAL_RCCEx_GetD3PCLK1Freq  stm32h7xx_hal_rcc_ex.o
    0x900035de   0x900035de   0x00000002   PAD
    0x900035e0   0x900035e0   0x0000012c   Code   RO          467    .text.HAL_RCCEx_GetPLL2ClockFreq  stm32h7xx_hal_rcc_ex.o
    0x9000370c   0x9000370c   0x00000004   PAD
    0x90003710   0x90003710   0x0000012c   Code   RO          469    .text.HAL_RCCEx_GetPLL3ClockFreq  stm32h7xx_hal_rcc_ex.o
    0x9000383c   0x9000383c   0x00000004   PAD
    0x90003840   0x90003840   0x00000c64   Code   RO          455    .text.HAL_RCCEx_PeriphCLKConfig  stm32h7xx_hal_rcc_ex.o
    0x900044a4   0x900044a4   0x00000004   PAD
    0x900044a8   0x900044a8   0x00000268   Code   RO          423    .text.HAL_RCC_ClockConfig  stm32h7xx_hal_rcc.o
    0x90004710   0x90004710   0x0000004c   Code   RO          433    .text.HAL_RCC_GetHCLKFreq  stm32h7xx_hal_rcc.o
    0x9000475c   0x9000475c   0x00000004   PAD
    0x90004760   0x90004760   0x00000060   Code   RO          435    .text.HAL_RCC_GetPCLK1Freq  stm32h7xx_hal_rcc.o
    0x900047c0   0x900047c0   0x00000060   Code   RO          437    .text.HAL_RCC_GetPCLK2Freq  stm32h7xx_hal_rcc.o
    0x90004820   0x90004820   0x00000118   Code   RO          425    .text.HAL_RCC_GetSysClockFreq  stm32h7xx_hal_rcc.o
    0x90004938   0x90004938   0x000004fc   Code   RO          421    .text.HAL_RCC_OscConfig  stm32h7xx_hal_rcc.o
    0x90004e34   0x90004e34   0x00000004   PAD
    0x90004e38   0x90004e38   0x00000170   Code   RO         1176    .text.HAL_SPI_Init  stm32h7xx_hal_spi.o
    0x90004fa8   0x90004fa8   0x000000c0   Code   RO          122    .text.HAL_SPI_MspInit  lcd_spi_200.o
    0x90005068   0x90005068   0x00000298   Code   RO         1184    .text.HAL_SPI_Transmit  stm32h7xx_hal_spi.o
    0x90005300   0x90005300   0x0000002e   Code   RO          333    .text.HAL_SYSTICK_Config  stm32h7xx_hal_cortex.o
    0x9000532e   0x9000532e   0x00000002   PAD
    0x90005330   0x90005330   0x00000036   Code   RO         1455    .text.HAL_UARTEx_DisableFifoMode  stm32h7xx_hal_uart_ex.o
    0x90005366   0x90005366   0x00000002   PAD
    0x90005368   0x90005368   0x00000090   Code   RO         1459    .text.HAL_UARTEx_SetRxFifoThreshold  stm32h7xx_hal_uart_ex.o
    0x900053f8   0x900053f8   0x00000090   Code   RO         1457    .text.HAL_UARTEx_SetTxFifoThreshold  stm32h7xx_hal_uart_ex.o
    0x90005488   0x90005488   0x00000062   Code   RO         1292    .text.HAL_UART_Init  stm32h7xx_hal_uart.o
    0x900054ea   0x900054ea   0x00000006   PAD
    0x900054f0   0x900054f0   0x0000008e   Code   RO           82    .text.HAL_UART_MspInit  usart.o
    0x9000557e   0x9000557e   0x00000002   PAD
    0x90005580   0x90005580   0x000000da   Code   RO         1312    .text.HAL_UART_Transmit  stm32h7xx_hal_uart.o
    0x9000565a   0x9000565a   0x00000006   PAD
    0x90005660   0x90005660   0x00000002   Code   RO           33    .text.HardFault_Handler  stm32h7xx_it.o
    0x90005662   0x90005662   0x00000006   PAD
    0x90005668   0x90005668   0x0000005a   Code   RO          188    .text.LCD_CopyBuffer  lcd_spi_200.o
    0x900056c2   0x900056c2   0x00000006   PAD
    0x900056c8   0x900056c8   0x000001ba   Code   RO          156    .text.LCD_DisplayChar  lcd_spi_200.o
    0x90005882   0x90005882   0x00000006   PAD
    0x90005888   0x90005888   0x00000038   Code   RO          158    .text.LCD_DisplayString  lcd_spi_200.o
    0x900058c0   0x900058c0   0x000000d0   Code   RO          194    .text.LCD_SPI_CloseTransfer  lcd_spi_200.o
    0x90005990   0x90005990   0x0000016e   Code   RO          150    .text.LCD_SPI_Transmit  lcd_spi_200.o
    0x90005afe   0x90005afe   0x00000002   PAD
    0x90005b00   0x90005b00   0x00000166   Code   RO          190    .text.LCD_SPI_TransmitBuffer  lcd_spi_200.o
    0x90005c66   0x90005c66   0x00000002   PAD
    0x90005c68   0x90005c68   0x0000013c   Code   RO          148    .text.LCD_SetAddress  lcd_spi_200.o
    0x90005da4   0x90005da4   0x00000004   PAD
    0x90005da8   0x90005da8   0x00000050   Code   RO           68    .text.LED_Init      led.o
    0x90005df8   0x90005df8   0x00000002   Code   RO           35    .text.MemManage_Handler  stm32h7xx_it.o
    0x90005dfa   0x90005dfa   0x00000006   PAD
    0x90005e00   0x90005e00   0x00000002   Code   RO           31    .text.NMI_Handler   stm32h7xx_it.o
    0x90005e02   0x90005e02   0x00000006   PAD
    0x90005e08   0x90005e08   0x000000bc   Code   RO          291    .text.OV5640_AF_Download_Firmware  dcmi_ov5640.o
    0x90005ec4   0x90005ec4   0x00000004   PAD
    0x90005ec8   0x90005ec8   0x0000000a   Code   RO          295    .text.OV5640_AF_Trigger_Constant  dcmi_ov5640.o
    0x90005ed2   0x90005ed2   0x00000006   PAD
    0x90005ed8   0x90005ed8   0x00000030   Code   RO          267    .text.OV5640_DMA_Transmit_Continuous  dcmi_ov5640.o
    0x90005f08   0x90005f08   0x00000a5c   Code   RO          257    .text.OV5640_Reset  dcmi_ov5640.o
    0x90006964   0x90006964   0x00000004   PAD
    0x90006968   0x90006968   0x000000e6   Code   RO          277    .text.OV5640_Set_Pixformat  dcmi_ov5640.o
    0x90006a4e   0x90006a4e   0x00000002   PAD
    0x90006a50   0x90006a50   0x00000002   Code   RO           45    .text.PendSV_Handler  stm32h7xx_it.o
    0x90006a52   0x90006a52   0x00000006   PAD
    0x90006a58   0x90006a58   0x00000122   Code   RO          457    .text.RCCEx_PLL2_Config  stm32h7xx_hal_rcc_ex.o
    0x90006b7a   0x90006b7a   0x00000006   PAD
    0x90006b80   0x90006b80   0x00000122   Code   RO          459    .text.RCCEx_PLL3_Config  stm32h7xx_hal_rcc_ex.o
    0x90006ca2   0x90006ca2   0x00000006   PAD
    0x90006ca8   0x90006ca8   0x00000b2c   Code   RO          215    .text.SCCB_ACK      sccb.o
    0x900077d4   0x900077d4   0x00000004   PAD
    0x900077d8   0x900077d8   0x00000084   Code   RO          207    .text.SCCB_GPIO_Config  sccb.o
    0x9000785c   0x9000785c   0x00000004   PAD
    0x90007860   0x90007860   0x00000b20   Code   RO          217    .text.SCCB_NoACK    sccb.o
    0x90008380   0x90008380   0x000005f4   Code   RO          223    .text.SCCB_ReadByte  sccb.o
    0x90008974   0x90008974   0x00000004   PAD
    0x90008978   0x90008978   0x0000004e   Code   RO          235    .text.SCCB_ReadReg_16Bit  sccb.o
    0x900089c6   0x900089c6   0x00000002   PAD
    0x900089c8   0x900089c8   0x00000868   Code   RO          211    .text.SCCB_Start    sccb.o
    0x90009230   0x90009230   0x00000b20   Code   RO          213    .text.SCCB_Stop     sccb.o
    0x90009d50   0x90009d50   0x00000b32   Code   RO          219    .text.SCCB_WaitACK  sccb.o
    0x9000a882   0x9000a882   0x00000006   PAD
    0x9000a888   0x9000a888   0x00000040   Code   RO          237    .text.SCCB_WriteBuffer_16Bit  sccb.o
    0x9000a8c8   0x9000a8c8   0x000005ea   Code   RO          221    .text.SCCB_WriteByte  sccb.o
    0x9000aeb2   0x9000aeb2   0x00000006   PAD
    0x9000aeb8   0x9000aeb8   0x00000032   Code   RO          233    .text.SCCB_WriteReg_16Bit  sccb.o
    0x9000aeea   0x9000aeea   0x00000006   PAD
    0x9000aef0   0x9000aef0   0x000000d0   Code   RO         1186    .text.SPI_CloseTransfer  stm32h7xx_hal_spi.o
    0x9000afc0   0x9000afc0   0x00000926   Code   RO          134    .text.SPI_LCD_Init  lcd_spi_200.o
    0x9000b8e6   0x9000b8e6   0x00000002   PAD
    0x9000b8e8   0x9000b8e8   0x00000002   Code   RO           41    .text.SVC_Handler   stm32h7xx_it.o
    0x9000b8ea   0x9000b8ea   0x00000006   PAD
    0x9000b8f0   0x9000b8f0   0x00000004   Code   RO           47    .text.SysTick_Handler  stm32h7xx_it.o
    0x9000b8f4   0x9000b8f4   0x00000004   PAD
    0x9000b8f8   0x9000b8f8   0x0000011c   Code   RO           15    .text.SystemClock_Config  main.o
    0x9000ba14   0x9000ba14   0x00000004   PAD
    0x9000ba18   0x9000ba18   0x000000e2   Code   RO         1476    .text.SystemInit    system_stm32h7xx.o
    0x9000bafa   0x9000bafa   0x00000006   PAD
    0x9000bb00   0x9000bb00   0x000000e0   Code   RO         1298    .text.UART_AdvFeatureConfig  stm32h7xx_hal_uart.o
    0x9000bbe0   0x9000bbe0   0x000000f8   Code   RO         1300    .text.UART_CheckIdleState  stm32h7xx_hal_uart.o
    0x9000bcd8   0x9000bcd8   0x00000478   Code   RO         1296    .text.UART_SetConfig  stm32h7xx_hal_uart.o
    0x9000c150   0x9000c150   0x000000fa   Code   RO         1314    .text.UART_WaitOnFlagUntilTimeout  stm32h7xx_hal_uart.o
    0x9000c24a   0x9000c24a   0x00000006   PAD
    0x9000c250   0x9000c250   0x00000050   Code   RO           84    .text.USART1_Init   usart.o
    0x9000c2a0   0x9000c2a0   0x00000002   Code   RO           39    .text.UsageFault_Handler  stm32h7xx_it.o
    0x9000c2a2   0x9000c2a2   0x00000006   PAD
    0x9000c2a8   0x9000c2a8   0x0000001e   Code   RO           86    .text.fputc         usart.o
    0x9000c2c6   0x9000c2c6   0x00000002   PAD
    0x9000c2c8   0x9000c2c8   0x0000008e   Code   RO           70    .text.key_init      led.o
    0x9000c356   0x9000c356   0x00000002   PAD
    0x9000c358   0x9000c358   0x000002a4   Code   RO           11    .text.main          main.o
    0x9000c5fc   0x9000c5fc   0x00000020   Code   RO         1733    i.__0printf         mc_w.l(printfa.o)
    0x9000c61c   0x9000c61c   0x0000000e   Code   RO         1810    i.__scatterload_copy  mc_w.l(handlers.o)
    0x9000c62a   0x9000c62a   0x00000002   Code   RO         1811    i.__scatterload_null  mc_w.l(handlers.o)
    0x9000c62c   0x9000c62c   0x0000000e   Code   RO         1812    i.__scatterload_zeroinit  mc_w.l(handlers.o)
    0x9000c63a   0x9000c63a   0x00000002   PAD
    0x9000c63c   0x9000c63c   0x00000184   Code   RO         1740    i._fp_digits        mc_w.l(printfa.o)
    0x9000c7c0   0x9000c7c0   0x000006dc   Code   RO         1741    i._printf_core      mc_w.l(printfa.o)
    0x9000ce9c   0x9000ce9c   0x00000024   Code   RO         1742    i._printf_post_padding  mc_w.l(printfa.o)
    0x9000cec0   0x9000cec0   0x0000002e   Code   RO         1743    i._printf_pre_padding  mc_w.l(printfa.o)
    0x9000ceee   0x9000ceee   0x00000002   PAD
    0x9000cef0   0x9000cef0   0x00000024   Code   RO         1492    i.puts              mc_w.l(puts.o)
    0x9000cf14   0x9000cf14   0x00000006   Data   RO         1427    .rodata..Lswitch.table.UART_SetConfig.5  stm32h7xx_hal_uart.o
    0x9000cf1a   0x9000cf1a   0x00000006   Data   RO         1428    .rodata..Lswitch.table.UART_SetConfig.7  stm32h7xx_hal_uart.o
    0x9000cf20   0x9000cf20   0x00000ed8   Data   RO          109    .rodata.ASCII_2010_Table  lcd_fonts.o
    0x9000ddf8   0x9000ddf8   0x00000010   Data   RO         1480    .rodata.D1CorePrescTable  system_stm32h7xx.o
    0x9000de08   0x9000de08   0x00000fed   Data   RO          309    .rodata.OV5640_AF_Firmware  dcmi_ov5640.o
    0x9000edf5   0x9000edf5   0x00000001   PAD
    0x9000edf6   0x9000edf6   0x000003f8   Data   RO          308    .rodata.OV5640_INIT_Config  dcmi_ov5640.o
    0x9000f1ee   0x9000f1ee   0x00000018   Data   RO         1426    .rodata.UARTPrescTable  stm32h7xx_hal_uart.o
    0x9000f206   0x9000f206   0x00000010   Data   RO         1467    .rodata.cst8        stm32h7xx_hal_uart_ex.o
    0x9000f216   0x9000f216   0x0000000b   Data   RO           21    .rodata.str1.1      main.o
    0x9000f221   0x9000f221   0x00000020   Data   RO          311    .rodata.str1.1      dcmi_ov5640.o
    0x9000f241   0x9000f241   0x00000003   PAD
    0x9000f244   0x9000f244   0x00000020   Data   RO         1809    Region$$Table       anon$$obj.o


==============================================================================

Image component sizes


      Code (inc. data)   RO Data    RW Data    ZI Data      Debug   Object Name

      4028        128       5125          0        208      22799   dcmi_ov5640.o
         0          0       3800         12          0       1489   lcd_fonts.o
      4370          0          0          0       2208      38347   lcd_spi_200.o
       222          0          0          0          0       3609   led.o
       960         24         11          0          0       9390   main.o
     16936          0          0          0          0      39543   sccb.o
        36          8        664          0       1024        824   startup_stm32h750xx.o
       268          0          0          8          4      15013   stm32h7xx_hal.o
       356          0          0          0          0      12226   stm32h7xx_hal_cortex.o
       904          0          0          0          0       9352   stm32h7xx_hal_dcmi.o
      6388         54          0          0          0      18206   stm32h7xx_hal_dma.o
      2100          0          0          0          0       8499   stm32h7xx_hal_dma_ex.o
       486          0          0          0          0       6975   stm32h7xx_hal_gpio.o
        32          0          0          0          0       2206   stm32h7xx_hal_msp.o
        76          0          0          0          0      10561   stm32h7xx_hal_pwr_ex.o
      2440         16          0          0          0      11603   stm32h7xx_hal_rcc.o
      4390        172          0          0          0      19335   stm32h7xx_hal_rcc_ex.o
      1240          0          0          0          0      23775   stm32h7xx_hal_spi.o
      2182        332         36          0          0      30568   stm32h7xx_hal_uart.o
       342          0         16          0          0      10792   stm32h7xx_hal_uart_ex.o
        44          0          0          0          0       4472   stm32h7xx_it.o
       226          0         16          8          0       5856   system_stm32h7xx.o
       252          0          0          0        144       6962   usart.o

    ----------------------------------------------------------------------
     48608        746       9704         28       3592     312402   Object Totals
         0          0         32          0          0          0   (incl. Generated)
       330         12          4          0          4          0   (incl. Padding)

    ----------------------------------------------------------------------

      Code (inc. data)   RO Data    RW Data    ZI Data      Debug   Library Member Name

         0          0          0          0          0          0   entry.o
         0          0          0          0          0          0   entry10a.o
         0          0          0          0          0          0   entry11a.o
         8          4          0          0          0          0   entry2.o
         4          0          0          0          0          0   entry5.o
         0          0          0          0          0          0   entry7b.o
         0          0          0          0          0          0   entry8b.o
         8          4          0          0          0          0   entry9a.o
        30          0          0          0          0          0   handlers.o
        48         10          0          0          0         68   init.o
         0          0          0          0          0          0   iusefp.o
        30          0          0          0          0         68   llshl.o
        36          0          0          0          0         68   llsshr.o
        32          0          0          0          0         68   llushr.o
        36          0          0          0          0        108   memseta.o
      2258         90          0          0          0        452   printfa.o
        36          6          0          0          0         80   puts.o
         0          0          0          4          0          0   stdout.o
        44          0          0          0          0         80   uidiv.o
        98          0          0          0          0         92   uldiv.o
        48          0          0          0          0         68   cdrcmple.o
       334          0          0          0          0        148   dadd.o
       222          0          0          0          0        100   ddiv.o
       186          0          0          0          0        176   depilogue.o
        48          0          0          0          0         68   dfixul.o
       228          0          0          0          0         96   dmul.o

    ----------------------------------------------------------------------
      3740        114          0          4          0       1740   Library Totals
         6          0          0          0          0          0   (incl. Padding)

    ----------------------------------------------------------------------

      Code (inc. data)   RO Data    RW Data    ZI Data      Debug   Library Name

      2668        114          0          4          0       1084   mc_w.l
      1066          0          0          0          0        656   mf_w.l

    ----------------------------------------------------------------------
      3740        114          0          4          0       1740   Library Totals

    ----------------------------------------------------------------------

==============================================================================


      Code (inc. data)   RO Data    RW Data    ZI Data      Debug   

     52348        860       9704         32       3592     313062   Grand Totals
     52348        860       9704         32       3592     313062   ELF Image Totals
     52348        860       9704         32          0          0   ROM Totals

==============================================================================

    Total RO  Size (Code + RO Data)                62052 (  60.60kB)
    Total RW  Size (RW Data + ZI Data)              3624 (   3.54kB)
    Total ROM Size (Code + RO Data + RW Data)      62084 (  60.63kB)

==============================================================================

